Component: ARM Compiler 6.14 Tool: armlink [5db06800]

==============================================================================

Section Cross References

    main.o(.text.main) refers to system_stm32f10x.o(.data.SystemCoreClock) for SystemCoreClock
    main.o(.text.main) refers to main.o(.text.SysTick_Config) for SysTick_Config
    main.o(.text.main) refers to main.o(.text.initClock) for initClock
    main.o(.text.main) refers to main.o(.text.initGPIOs) for initGPIOs
    main.o(.text.main) refers to uart.o(.text.initUSART1) for initUSART1
    main.o(.text.main) refers to timer.o(.text.initTimer2) for initTimer2
    main.o(.text.main) refers to timer.o(.text.initTimer3) for initTimer3
    main.o(.text.main) refers to main.o(.text.liftPen) for liftPen
    main.o(.text.main) refers to _hal_gpio.o(.text.writePin) for writePin
    main.o(.text.main) refers to main.o(.text.startButton) for startButton
    main.o(.text.main) refers to _hal_gpio.o(.text.togglePin) for togglePin
    main.o(.text.main) refers to main.o(.text.testDraw) for testDraw
    main.o(.ARM.exidx.text.main) refers to main.o(.text.main) for [Anonymous Symbol]
    main.o(.text.SysTick_Config) refers to main.o(.text.__NVIC_SetPriority) for __NVIC_SetPriority
    main.o(.ARM.exidx.text.SysTick_Config) refers to main.o(.text.SysTick_Config) for [Anonymous Symbol]
    main.o(.text.initClock) refers to rcc.o(.text.enableClockForPort) for enableClockForPort
    main.o(.text.initClock) refers to rcc.o(.text.enableClockForTimer2) for enableClockForTimer2
    main.o(.text.initClock) refers to rcc.o(.text.enableClockForTimer3) for enableClockForTimer3
    main.o(.text.initClock) refers to rcc.o(.text.enableClockForAltFunc) for enableClockForAltFunc
    main.o(.text.initClock) refers to rcc.o(.text.enableClockForUART1) for enableClockForUART1
    main.o(.ARM.exidx.text.initClock) refers to main.o(.text.initClock) for [Anonymous Symbol]
    main.o(.text.initGPIOs) refers to _hal_gpio.o(.text.initGPIO) for initGPIO
    main.o(.ARM.exidx.text.initGPIOs) refers to main.o(.text.initGPIOs) for [Anonymous Symbol]
    main.o(.text.liftPen) refers to main.o(.text.delayMs) for delayMs
    main.o(.ARM.exidx.text.liftPen) refers to main.o(.text.liftPen) for [Anonymous Symbol]
    main.o(.text.startButton) refers to _hal_gpio.o(.text.readPin) for readPin
    main.o(.text.startButton) refers to main.o(.text.delayMs) for delayMs
    main.o(.ARM.exidx.text.startButton) refers to main.o(.text.startButton) for [Anonymous Symbol]
    main.o(.text.testDraw) refers to main.o(.text.liftPen) for liftPen
    main.o(.text.testDraw) refers to main.o(.text.drawCircle) for drawCircle
    main.o(.text.testDraw) refers to main.o(.text.moveXY) for moveXY
    main.o(.ARM.exidx.text.testDraw) refers to main.o(.text.testDraw) for [Anonymous Symbol]
    main.o(.text.delayMs) refers to main.o(.bss.sys_tick) for sys_tick
    main.o(.text.delayMs) refers to main.o(.bss.time) for time
    main.o(.ARM.exidx.text.delayMs) refers to main.o(.text.delayMs) for [Anonymous Symbol]
    main.o(.text.SysTick_Handler) refers to main.o(.bss.sys_tick) for sys_tick
    main.o(.ARM.exidx.text.SysTick_Handler) refers to main.o(.text.SysTick_Handler) for [Anonymous Symbol]
    main.o(.text.getSysTick) refers to main.o(.bss.sys_tick) for sys_tick
    main.o(.ARM.exidx.text.getSysTick) refers to main.o(.text.getSysTick) for [Anonymous Symbol]
    main.o(.text.TIM2_IRQHandler) refers to main.o(.bss.my_tick) for my_tick
    main.o(.text.TIM2_IRQHandler) refers to main.o(.bss.x_only) for x_only
    main.o(.text.TIM2_IRQHandler) refers to main.o(.bss.y_only) for y_only
    main.o(.text.TIM2_IRQHandler) refers to _hal_gpio.o(.text.togglePin) for togglePin
    main.o(.text.TIM2_IRQHandler) refers to main.o(.bss.step_x_i10) for step_x_i10
    main.o(.text.TIM2_IRQHandler) refers to faddsub_clz.o(x$fpl$fadd) for __aeabi_fadd
    main.o(.text.TIM2_IRQHandler) refers to main.o(.bss.step_y_i10) for step_y_i10
    main.o(.text.TIM2_IRQHandler) refers to main.o(.bss.step_y10) for step_y10
    main.o(.text.TIM2_IRQHandler) refers to ffixu.o(x$fpl$ffixu) for __aeabi_f2uiz
    main.o(.text.TIM2_IRQHandler) refers to main.o(.bss.step_x10) for step_x10
    main.o(.ARM.exidx.text.TIM2_IRQHandler) refers to main.o(.text.TIM2_IRQHandler) for [Anonymous Symbol]
    main.o(.ARM.exidx.text.__NVIC_SetPriority) refers to main.o(.text.__NVIC_SetPriority) for [Anonymous Symbol]
    main.o(.text.drawCircle) refers to fcmp.o(x$fpl$fcmp) for __aeabi_fcmpgt
    main.o(.text.drawCircle) refers to main.o(.text.delayMs) for delayMs
    main.o(.text.drawCircle) refers to main.o(.bss.drawCircle.x) for drawCircle.x
    main.o(.text.drawCircle) refers to main.o(.bss.drawCircle.y) for drawCircle.y
    main.o(.text.drawCircle) refers to main.o(.bss.drawCircle.pre_x) for drawCircle.pre_x
    main.o(.text.drawCircle) refers to main.o(.bss.drawCircle.pre_y) for drawCircle.pre_y
[...]
    defsig.o(CL$$defsig) refers to defsig_rtmem_inner.o(.text) for __rt_SIGRTMEM_inner
    defsig_abrt_inner.o(.text) refers to defsig_general.o(.text) for __default_signal_display
    defsig_fpe_inner.o(.text) refers to defsig_general.o(.text) for __default_signal_display
    defsig_rtred_inner.o(.text) refers to defsig_general.o(.text) for __default_signal_display
    defsig_stak_inner.o(.text) refers to defsig_general.o(.text) for __default_signal_display
    defsig_pvfn_inner.o(.text) refers to defsig_general.o(.text) for __default_signal_display
    defsig_cppl_inner.o(.text) refers to defsig_general.o(.text) for __default_signal_display
    defsig_segv_inner.o(.text) refers to defsig_general.o(.text) for __default_signal_display
    defsig_other.o(.text) refers to defsig_general.o(.text) for __default_signal_display


==============================================================================

Removing Unused input sections from the image.

    Removing main.o(.text), (0 bytes).
    Removing main.o(.ARM.exidx.text.main), (8 bytes).
    Removing main.o(.ARM.exidx.text.SysTick_Config), (8 bytes).
    Removing main.o(.ARM.exidx.text.initClock), (8 bytes).
    Removing main.o(.ARM.exidx.text.initGPIOs), (8 bytes).
    Removing main.o(.ARM.exidx.text.liftPen), (8 bytes).
    Removing main.o(.ARM.exidx.text.startButton), (8 bytes).
    Removing main.o(.ARM.exidx.text.testDraw), (8 bytes).
    Removing main.o(.ARM.exidx.text.delayMs), (8 bytes).
    Removing main.o(.ARM.exidx.text.SysTick_Handler), (8 bytes).
    Removing main.o(.text.getSysTick), (12 bytes).
    Removing main.o(.ARM.exidx.text.getSysTick), (8 bytes).
    Removing main.o(.ARM.exidx.text.TIM2_IRQHandler), (8 bytes).
    Removing main.o(.ARM.exidx.text.__NVIC_SetPriority), (8 bytes).
    Removing main.o(.ARM.exidx.text.drawCircle), (8 bytes).
    Removing main.o(.ARM.exidx.text.moveXY), (8 bytes).
    Removing main.o(.ARM.exidx.text.moveX), (8 bytes).
    Removing main.o(.ARM.exidx.text.moveY), (8 bytes).
    Removing main.o(.ARM.use_no_argv), (4 bytes).
    Removing _hal_gpio.o(.text), (0 bytes).
    Removing _hal_gpio.o(.ARM.exidx.text.initGPIO), (8 bytes).
    Removing _hal_gpio.o(.ARM.exidx.text.writePin), (8 bytes).
    Removing _hal_gpio.o(.ARM.exidx.text.readPin), (8 bytes).
    Removing _hal_gpio.o(.ARM.exidx.text.togglePin), (8 bytes).
    Removing uart.o(.text), (0 bytes).
    Removing uart.o(.ARM.exidx.text.initUSART1), (8 bytes).
    Removing uart.o(.text.printMsg), (88 bytes).
    Removing uart.o(.ARM.exidx.text.printMsg), (8 bytes).
    Removing rcc.o(.text), (0 bytes).
    Removing rcc.o(.ARM.exidx.text.enableClockForAltFunc), (8 bytes).
    Removing rcc.o(.ARM.exidx.text.enableClockForPort), (8 bytes).
    Removing rcc.o(.ARM.exidx.text.enableClockForUART1), (8 bytes).
    Removing rcc.o(.ARM.exidx.text.enableClockForTimer2), (8 bytes).
    Removing rcc.o(.ARM.exidx.text.enableClockForTimer3), (8 bytes).
    Removing timer.o(.text), (0 bytes).
    Removing timer.o(.ARM.exidx.text.initTimer2), (8 bytes).
    Removing timer.o(.ARM.exidx.text.__NVIC_EnableIRQ), (8 bytes).
    Removing timer.o(.ARM.exidx.text.initTimer3), (8 bytes).
    Removing system_stm32f10x.o(.text), (0 bytes).
    Removing system_stm32f10x.o(.ARM.exidx.text.SystemInit), (8 bytes).
    Removing system_stm32f10x.o(.ARM.exidx.text.SetSysClock), (8 bytes).
    Removing system_stm32f10x.o(.text.SystemCoreClockUpdate), (110 bytes).
    Removing system_stm32f10x.o(.ARM.exidx.text.SystemCoreClockUpdate), (8 bytes).
    Removing system_stm32f10x.o(.ARM.exidx.text.SetSysClockTo72), (8 bytes).
    Removing system_stm32f10x.o(.rodata.AHBPrescTable), (16 bytes).

45 unused section(s) (total 502 bytes) removed from the image.

==============================================================================

Image Symbol Table

    Local Symbols

    Symbol Name                              Value     Ov Type        Size  Object(Section)

    ../clib/angel/boardlib.s                 0x00000000   Number         0  boardinit1.o ABSOLUTE
    ../clib/angel/boardlib.s                 0x00000000   Number         0  boardinit2.o ABSOLUTE
    ../clib/angel/boardlib.s                 0x00000000   Number         0  boardinit3.o ABSOLUTE
    ../clib/angel/boardlib.s                 0x00000000   Number         0  boardshut.o ABSOLUTE
    ../clib/angel/handlers.s                 0x00000000   Number         0  __scatter_copy.o ABSOLUTE
    ../clib/angel/handlers.s                 0x00000000   Number         0  __scatter_zi.o ABSOLUTE
    ../clib/angel/kernel.s                   0x00000000   Number         0  __rtentry.o ABSOLUTE
    ../clib/angel/kernel.s                   0x00000000   Number         0  __rtentry2.o ABSOLUTE
    ../clib/angel/kernel.s                   0x00000000   Number         0  __rtentry4.o ABSOLUTE
    ../clib/angel/kernel.s                   0x00000000   Number         0  rtexit.o ABSOLUTE
    ../clib/angel/kernel.s                   0x00000000   Number         0  rtexit2.o ABSOLUTE
    ../clib/angel/rt.s                       0x00000000   Number         0  rt_errno_addr.o ABSOLUTE
    ../clib/angel/rt.s                       0x00000000   Number         0  rt_errno_addr_intlibspace.o ABSOLUTE
    ../clib/angel/rt.s                       0x00000000   Number         0  rt_ctype_table.o ABSOLUTE
    ../clib/angel/rt.s                       0x00000000   Number         0  rt_locale.o ABSOLUTE
    ../clib/angel/rt.s                       0x00000000   Number         0  rt_locale_intlibspace.o ABSOLUTE
    ../clib/angel/rt.s                       0x00000000   Number         0  rt_raise.o ABSOLUTE
    ../clib/angel/scatter.s                  0x00000000   Number         0  __scatter.o ABSOLUTE
    ../clib/angel/startup.s                  0x00000000   Number         0  __main.o ABSOLUTE
    ../clib/angel/sys.s                      0x00000000   Number         0  libspace.o ABSOLUTE
    ../clib/angel/sys.s                      0x00000000   Number         0  sys_stackheap_outer.o ABSOLUTE
    ../clib/angel/sys.s                      0x00000000   Number         0  use_no_semi.o ABSOLUTE
    ../clib/angel/sys.s                      0x00000000   Number         0  indicate_semi.o ABSOLUTE
    ../clib/angel/sysapp.c                   0x00000000   Number         0  sys_exit.o ABSOLUTE
    ../clib/angel/sysapp.c                   0x00000000   Number         0  sys_exit_hlt.o ABSOLUTE
    ../clib/angel/sysapp.c                   0x00000000   Number         0  sys_command.o ABSOLUTE
    ../clib/angel/sysapp.c                   0x00000000   Number         0  sys_command_hlt.o ABSOLUTE
    ../clib/angel/sysapp.c                   0x00000000   Number         0  sys_wrch.o ABSOLUTE
    ../clib/angel/sysapp.c                   0x00000000   Number         0  sys_wrch_hlt.o ABSOLUTE
    ../clib/armsys.c                         0x00000000   Number         0  argv_veneer.o ABSOLUTE
    ../clib/armsys.c                         0x00000000   Number         0  argv_veneer.o ABSOLUTE
    ../clib/armsys.c                         0x00000000   Number         0  _get_argv_nomalloc.o ABSOLUTE
    ../clib/armsys.c                         0x00000000   Number         0  no_argv.o ABSOLUTE
    ../clib/bigflt.c                         0x00000000   Number         0  bigflt0.o ABSOLUTE
    ../clib/btod.s                           0x00000000   Number         0  btod.o ABSOLUTE
    ../clib/btod_accurate.c                  0x00000000   Number         0  btod_accurate.o ABSOLUTE
    ../clib/btod_accurate.c                  0x00000000   Number         0  btod_accurate_common.o ABSOLUTE
    ../clib/fenv.c                           0x00000000   Number         0  _rserrno.o ABSOLUTE
    ../clib/heapalloc.c                      0x00000000   Number         0  hrguard.o ABSOLUTE
    ../clib/heapaux.c                        0x00000000   Number         0  heapauxi.o ABSOLUTE
    ../clib/libinit.s                        0x00000000   Number         0  libinit.o ABSOLUTE
    ../clib/libinit.s                        0x00000000   Number         0  libinit2.o ABSOLUTE
    ../clib/libinit.s                        0x00000000   Number         0  libshutdown.o ABSOLUTE
    ../clib/libinit.s                        0x00000000   Number         0  libshutdown2.o ABSOLUTE
    ../clib/locale.c                         0x00000000   Number         0  _c16rtomb.o ABSOLUTE
    ../clib/locale.s                         0x00000000   Number         0  lc_numeric_c.o ABSOLUTE
    ../clib/locale.s                         0x00000000   Number         0  lc_ctype_c.o ABSOLUTE
    ../clib/longlong.s                       0x00000000   Number         0  lludiv10.o ABSOLUTE
    ../clib/longlong.s                       0x00000000   Number         0  llushr.o ABSOLUTE
    ../clib/memcpset.s                       0x00000000   Number         0  strcmpv7m.o ABSOLUTE
    ../clib/misc.s                           0x00000000   Number         0  printf_stubs.o ABSOLUTE
    ../clib/printf.c                         0x00000000   Number         0  vsprintf.o ABSOLUTE
    ../clib/printf.c                         0x00000000   Number         0  __printf.o ABSOLUTE
    ../clib/printf.c                         0x00000000   Number         0  _printf_pad.o ABSOLUTE
    ../clib/printf.c                         0x00000000   Number         0  _printf_truncate.o ABSOLUTE
    ../clib/printf.c                         0x00000000   Number         0  _printf_str.o ABSOLUTE
    ../clib/printf.c                         0x00000000   Number         0  _printf_dec.o ABSOLUTE
    ../clib/printf.c                         0x00000000   Number         0  _printf_charcount.o ABSOLUTE
    ../clib/printf.c                         0x00000000   Number         0  _printf_char_common.o ABSOLUTE
    ../clib/printf.c                         0x00000000   Number         0  _sputc.o ABSOLUTE
    ../clib/printf.c                         0x00000000   Number         0  _printf_wctomb.o ABSOLUTE
    ../clib/printf.c                         0x00000000   Number         0  _printf_longlong_dec.o ABSOLUTE
    ../clib/printf.c                         0x00000000   Number         0  _printf_oct_ll.o ABSOLUTE
    ../clib/printf.c                         0x00000000   Number         0  _printf_oct_int.o ABSOLUTE
    ../clib/printf.c                         0x00000000   Number         0  _printf_oct_int_ll.o ABSOLUTE
    ../clib/printf.c                         0x00000000   Number         0  _printf_hex_ll.o ABSOLUTE
    ../clib/printf.c                         0x00000000   Number         0  _printf_hex_int.o ABSOLUTE
    ../clib/printf.c                         0x00000000   Number         0  _printf_hex_int_ll.o ABSOLUTE
    ../clib/printf.c                         0x00000000   Number         0  _printf_hex_ptr.o ABSOLUTE
    ../clib/printf.c                         0x00000000   Number         0  _printf_hex_int_ptr.o ABSOLUTE
    ../clib/printf.c                         0x00000000   Number         0  _printf_hex_ll_ptr.o ABSOLUTE
    ../clib/printf.c                         0x00000000   Number         0  _printf_hex_int_ll_ptr.o ABSOLUTE
    ../clib/printf.c                         0x00000000   Number         0  __printf_flags.o ABSOLUTE
    ../clib/printf.c                         0x00000000   Number         0  __printf_ss.o ABSOLUTE
    ../clib/printf.c                         0x00000000   Number         0  __printf_flags_ss.o ABSOLUTE
    ../clib/printf.c                         0x00000000   Number         0  __printf_wp.o ABSOLUTE
    ../clib/printf.c                         0x00000000   Number         0  __printf_flags_wp.o ABSOLUTE
    ../clib/printf.c                         0x00000000   Number         0  __printf_ss_wp.o ABSOLUTE
    ../clib/printf.c                         0x00000000   Number         0  __printf_flags_ss_wp.o ABSOLUTE
    ../clib/printf.c                         0x00000000   Number         0  _printf_intcommon.o ABSOLUTE
    ../clib/printf.c                         0x00000000   Number         0  _printf_fp_dec.o ABSOLUTE
    ../clib/printf.c                         0x00000000   Number         0  _printf_fp_dec_accurate.o ABSOLUTE
    ../clib/printf.c                         0x00000000   Number         0  _printf_fp_hex.o ABSOLUTE
    ../clib/printf.c                         0x00000000   Number         0  __printf_nopercent.o ABSOLUTE
    ../clib/printf.c                         0x00000000   Number         0  _printf_char.o ABSOLUTE
    ../clib/printf.c                         0x00000000   Number         0  _printf_wchar.o ABSOLUTE
    ../clib/printf.c                         0x00000000   Number         0  _printf_fp_infnan.o ABSOLUTE
    ../clib/printf_percent.s                 0x00000000   Number         0  _printf_c.o ABSOLUTE
    ../clib/printf_percent.s                 0x00000000   Number         0  _printf_s.o ABSOLUTE
    ../clib/printf_percent.s                 0x00000000   Number         0  _printf_n.o ABSOLUTE
    ../clib/printf_percent.s                 0x00000000   Number         0  _printf_x.o ABSOLUTE
    ../clib/printf_percent.s                 0x00000000   Number         0  _printf_p.o ABSOLUTE
    ../clib/printf_percent.s                 0x00000000   Number         0  _printf_o.o ABSOLUTE
    ../clib/printf_percent.s                 0x00000000   Number         0  _printf_i.o ABSOLUTE
    ../clib/printf_percent.s                 0x00000000   Number         0  _printf_d.o ABSOLUTE
    ../clib/printf_percent.s                 0x00000000   Number         0  _printf_u.o ABSOLUTE
    ../clib/printf_percent.s                 0x00000000   Number         0  _printf_f.o ABSOLUTE
    ../clib/printf_percent.s                 0x00000000   Number         0  _printf_e.o ABSOLUTE
    ../clib/printf_percent.s                 0x00000000   Number         0  _printf_g.o ABSOLUTE
    ../clib/printf_percent.s                 0x00000000   Number         0  _printf_a.o ABSOLUTE
    ../clib/printf_percent.s                 0x00000000   Number         0  _printf_percent.o ABSOLUTE
    ../clib/printf_percent.s                 0x00000000   Number         0  _printf_lli.o ABSOLUTE
    ../clib/printf_percent.s                 0x00000000   Number         0  _printf_lld.o ABSOLUTE
    ../clib/printf_percent.s                 0x00000000   Number         0  _printf_llu.o ABSOLUTE
    ../clib/printf_percent.s                 0x00000000   Number         0  _printf_ll.o ABSOLUTE
    ../clib/printf_percent.s                 0x00000000   Number         0  _printf_l.o ABSOLUTE
    ../clib/printf_percent.s                 0x00000000   Number         0  _printf_lc.o ABSOLUTE
    ../clib/printf_percent.s                 0x00000000   Number         0  _printf_ls.o ABSOLUTE
    ../clib/printf_percent.s                 0x00000000   Number         0  _printf_llo.o ABSOLUTE
    ../clib/printf_percent.s                 0x00000000   Number         0  _printf_llx.o ABSOLUTE
    ../clib/printf_percent.s                 0x00000000   Number         0  _printf_percent_end.o ABSOLUTE
    ../clib/signal.c                         0x00000000   Number         0  defsig_rtmem_outer.o ABSOLUTE
    ../clib/signal.c                         0x00000000   Number         0  defsig_rtmem_formal.o ABSOLUTE
    ../clib/signal.c                         0x00000000   Number         0  defsig_exit.o ABSOLUTE
    ../clib/signal.c                         0x00000000   Number         0  defsig_rtmem_inner.o ABSOLUTE
    ../clib/signal.c                         0x00000000   Number         0  __raise.o ABSOLUTE
    ../clib/signal.c                         0x00000000   Number         0  defsig_general.o ABSOLUTE
    ../clib/signal.c                         0x00000000   Number         0  defsig_abrt_inner.o ABSOLUTE
    ../clib/signal.c                         0x00000000   Number         0  defsig_fpe_inner.o ABSOLUTE
    ../clib/signal.c                         0x00000000   Number         0  defsig_rtred_inner.o ABSOLUTE
    ../clib/signal.c                         0x00000000   Number         0  defsig_stak_inner.o ABSOLUTE
    ../clib/signal.c                         0x00000000   Number         0  defsig_pvfn_inner.o ABSOLUTE
    ../clib/signal.c                         0x00000000   Number         0  defsig_cppl_inner.o ABSOLUTE
    ../clib/signal.c                         0x00000000   Number         0  defsig_segv_inner.o ABSOLUTE
    ../clib/signal.c                         0x00000000   Number         0  defsig_other.o ABSOLUTE
    ../clib/signal.s                         0x00000000   Number         0  defsig.o ABSOLUTE
    ../clib/stdlib.c                         0x00000000   Number         0  exit.o ABSOLUTE
    ../clib/string.c                         0x00000000   Number         0  strlen.o ABSOLUTE
    ../fplib/d2f.s                           0x00000000   Number         0  d2f.o ABSOLUTE
    ../fplib/daddsub.s                       0x00000000   Number         0  daddsub_clz.o ABSOLUTE
    ../fplib/dcheck1.s                       0x00000000   Number         0  dcheck1.o ABSOLUTE
    ../fplib/ddiv.s                          0x00000000   Number         0  ddiv.o ABSOLUTE
    ../fplib/dfix.s                          0x00000000   Number         0  dfix.o ABSOLUTE
    ../fplib/dflt.s                          0x00000000   Number         0  dflt_clz.o ABSOLUTE
    ../fplib/dmul.s                          0x00000000   Number         0  dmul.o ABSOLUTE
    ../fplib/dnaninf.s                       0x00000000   Number         0  dnaninf.o ABSOLUTE
    ../fplib/dretinf.s                       0x00000000   Number         0  dretinf.o ABSOLUTE
    ../fplib/f2d.s                           0x00000000   Number         0  f2d.o ABSOLUTE
    ../fplib/faddsub.s                       0x00000000   Number         0  faddsub_clz.o ABSOLUTE
    ../fplib/fcmp.s                          0x00000000   Number         0  fcmp.o ABSOLUTE
    ../fplib/fcmpi.s                         0x00000000   Number         0  fcmpi.o ABSOLUTE
    ../fplib/fdiv.s                          0x00000000   Number         0  fdiv.o ABSOLUTE
    ../fplib/feqf.s                          0x00000000   Number         0  feqf.o ABSOLUTE
    ../fplib/ffix.s                          0x00000000   Number         0  ffix.o ABSOLUTE
    ../fplib/ffixu.s                         0x00000000   Number         0  ffixu.o ABSOLUTE
    ../fplib/fflt.s                          0x00000000   Number         0  fflt_clz.o ABSOLUTE
    ../fplib/fgeqf.s                         0x00000000   Number         0  fgeqf.o ABSOLUTE
    ../fplib/fleqf.s                         0x00000000   Number         0  fleqf.o ABSOLUTE
    ../fplib/fmul.s                          0x00000000   Number         0  fmul.o ABSOLUTE
    ../fplib/fnaninf.s                       0x00000000   Number         0  fnaninf.o ABSOLUTE
    ../fplib/fpinit.s                        0x00000000   Number         0  fpinit.o ABSOLUTE
    ../fplib/fpinit_empty.s                  0x00000000   Number         0  fpinit_empty.o ABSOLUTE
    ../fplib/fretinf.s                       0x00000000   Number         0  fretinf.o ABSOLUTE
    ../fplib/frnd.s                          0x00000000   Number         0  frnd.o ABSOLUTE
    ../fplib/istatus.s                       0x00000000   Number         0  istatus.o ABSOLUTE
    ../fplib/printf1.s                       0x00000000   Number         0  printf1.o ABSOLUTE
    ../fplib/printf2.s                       0x00000000   Number         0  printf2.o ABSOLUTE
    ../fplib/printf2a.s                      0x00000000   Number         0  printf2a.o ABSOLUTE
    ../fplib/printf2b.s                      0x00000000   Number         0  printf2b.o ABSOLUTE
    ../fplib/retnan.s                        0x00000000   Number         0  retnan.o ABSOLUTE
    ../fplib/scalbn.s                        0x00000000   Number         0  scalbn.o ABSOLUTE
    ../fplib/trapv.s                         0x00000000   Number         0  trapv.o ABSOLUTE
    ../fplib/usenofp.s                       0x00000000   Number         0  usenofp.o ABSOLUTE
    ../mathlib/cos.c                         0x00000000   Number         0  cos.o ABSOLUTE
    ../mathlib/cos.c                         0x00000000   Number         0  cos_x.o ABSOLUTE
    ../mathlib/cos_i.c                       0x00000000   Number         0  cos_i.o ABSOLUTE
    ../mathlib/dunder.c                      0x00000000   Number         0  dunder.o ABSOLUTE
    ../mathlib/fpclassify.c                  0x00000000   Number         0  fpclassify.o ABSOLUTE
    ../mathlib/poly.c                        0x00000000   Number         0  poly.o ABSOLUTE
    ../mathlib/round.c                       0x00000000   Number         0  roundf.o ABSOLUTE
    ../mathlib/rred.c                        0x00000000   Number         0  rred.o ABSOLUTE
    ../mathlib/sin.c                         0x00000000   Number         0  sin.o ABSOLUTE
    ../mathlib/sin.c                         0x00000000   Number         0  sin_x.o ABSOLUTE
    ../mathlib/sin_i.c                       0x00000000   Number         0  sin_i.o ABSOLUTE
    ../mathlib/sin_i.c                       0x00000000   Number         0  sin_i_x.o ABSOLUTE
    RCC.c                                    0x00000000   Number         0  rcc.o ABSOLUTE
    RTE/Device/STM32F103C8/startup_stm32f10x_md.s 0x00000000   Number         0  startup_stm32f10x_md.o ABSOLUTE
    Timer.c                                  0x00000000   Number         0  timer.o ABSOLUTE
    UART.c                                   0x00000000   Number         0  uart.o ABSOLUTE
    _HAL_GPIO.c                              0x00000000   Number         0  _hal_gpio.o ABSOLUTE
    dc.s                                     0x00000000   Number         0  dc.o ABSOLUTE
    main.c                                   0x00000000   Number         0  main.o ABSOLUTE
    system_stm32f10x.c                       0x00000000   Number         0  system_stm32f10x.o ABSOLUTE
    RESET                                    0x08000000   Section      236  startup_stm32f10x_md.o(RESET)
    !!!main                                  0x080000ec   Section        8  __main.o(!!!main)
    !!!scatter                               0x080000f4   Section       52  __scatter.o(!!!scatter)
    !!handler_copy                           0x08000128   Section       26  __scatter_copy.o(!!handler_copy)
    !!handler_zi                             0x08000144   Section       28  __scatter_zi.o(!!handler_zi)
    .ARM.Collect$$libinit$$00000000          0x08000160   Section        2  libinit.o(.ARM.Collect$$libinit$$00000000)
    .ARM.Collect$$libinit$$00000002          0x08000162   Section        0  libinit2.o(.ARM.Collect$$libinit$$00000002)
    .ARM.Collect$$libinit$$00000004          0x08000162   Section        0  libinit2.o(.ARM.Collect$$libinit$$00000004)
    .ARM.Collect$$libinit$$0000000A          0x08000162   Section        0  libinit2.o(.ARM.Collect$$libinit$$0000000A)
    .ARM.Collect$$libinit$$0000000C          0x08000162   Section        0  libinit2.o(.ARM.Collect$$libinit$$0000000C)
    .ARM.Collect$$libinit$$0000000E          0x08000162   Section        0  libinit2.o(.ARM.Collect$$libinit$$0000000E)
    .ARM.Collect$$libinit$$00000011          0x08000162   Section        0  libinit2.o(.ARM.Collect$$libinit$$00000011)
    .ARM.Collect$$libinit$$00000013          0x08000162   Section        0  libinit2.o(.ARM.Collect$$libinit$$00000013)
    .ARM.Collect$$libinit$$00000015          0x08000162   Section        0  libinit2.o(.ARM.Collect$$libinit$$00000015)
    .ARM.Collect$$libinit$$00000017          0x08000162   Section        0  libinit2.o(.ARM.Collect$$libinit$$00000017)
    .ARM.Collect$$libinit$$00000019          0x08000162   Section        0  libinit2.o(.ARM.Collect$$libinit$$00000019)
    .ARM.Collect$$libinit$$0000001B          0x08000162   Section        0  libinit2.o(.ARM.Collect$$libinit$$0000001B)
    .ARM.Collect$$libinit$$0000001D          0x08000162   Section        0  libinit2.o(.ARM.Collect$$libinit$$0000001D)
    .ARM.Collect$$libinit$$0000001F          0x08000162   Section        0  libinit2.o(.ARM.Collect$$libinit$$0000001F)
    .ARM.Collect$$libinit$$00000021          0x08000162   Section        0  libinit2.o(.ARM.Collect$$libinit$$00000021)
    .ARM.Collect$$libinit$$00000023          0x08000162   Section        0  libinit2.o(.ARM.Collect$$libinit$$00000023)
    .ARM.Collect$$libinit$$00000025          0x08000162   Section        0  libinit2.o(.ARM.Collect$$libinit$$00000025)
    .ARM.Collect$$libinit$$0000002C          0x08000162   Section        0  libinit2.o(.ARM.Collect$$libinit$$0000002C)
    .ARM.Collect$$libinit$$0000002E          0x08000162   Section        0  libinit2.o(.ARM.Collect$$libinit$$0000002E)
    .ARM.Collect$$libinit$$00000030          0x08000162   Section        0  libinit2.o(.ARM.Collect$$libinit$$00000030)
    .ARM.Collect$$libinit$$00000032          0x08000162   Section        0  libinit2.o(.ARM.Collect$$libinit$$00000032)
    .ARM.Collect$$libinit$$00000033          0x08000162   Section        2  libinit2.o(.ARM.Collect$$libinit$$00000033)
    .ARM.Collect$$libshutdown$$00000000      0x08000164   Section        2  libshutdown.o(.ARM.Collect$$libshutdown$$00000000)
    .ARM.Collect$$libshutdown$$00000002      0x08000166   Section        0  libshutdown2.o(.ARM.Collect$$libshutdown$$00000002)
    .ARM.Collect$$libshutdown$$00000004      0x08000166   Section        0  libshutdown2.o(.ARM.Collect$$libshutdown$$00000004)
    .ARM.Collect$$libshutdown$$00000007      0x08000166   Section        0  libshutdown2.o(.ARM.Collect$$libshutdown$$00000007)
    .ARM.Collect$$libshutdown$$0000000A      0x08000166   Section        0  libshutdown2.o(.ARM.Collect$$libshutdown$$0000000A)
    .ARM.Collect$$libshutdown$$0000000C      0x08000166   Section        0  libshutdown2.o(.ARM.Collect$$libshutdown$$0000000C)
    .ARM.Collect$$libshutdown$$0000000F      0x08000166   Section        0  libshutdown2.o(.ARM.Collect$$libshutdown$$0000000F)
    .ARM.Collect$$libshutdown$$00000010      0x08000166   Section        2  libshutdown2.o(.ARM.Collect$$libshutdown$$00000010)
    .ARM.Collect$$rtentry$$00000000          0x08000168   Section        0  __rtentry.o(.ARM.Collect$$rtentry$$00000000)
    .ARM.Collect$$rtentry$$00000002          0x08000168   Section        0  __rtentry2.o(.ARM.Collect$$rtentry$$00000002)
    .ARM.Collect$$rtentry$$00000004          0x08000168   Section        6  __rtentry4.o(.ARM.Collect$$rtentry$$00000004)
    .ARM.Collect$$rtentry$$00000009          0x0800016e   Section        0  __rtentry2.o(.ARM.Collect$$rtentry$$00000009)
    .ARM.Collect$$rtentry$$0000000A          0x0800016e   Section        4  __rtentry2.o(.ARM.Collect$$rtentry$$0000000A)
    .ARM.Collect$$rtentry$$0000000C          0x08000172   Section        0  __rtentry2.o(.ARM.Collect$$rtentry$$0000000C)
    .ARM.Collect$$rtentry$$0000000D          0x08000172   Section        8  __rtentry2.o(.ARM.Collect$$rtentry$$0000000D)
    .ARM.Collect$$rtexit$$00000000           0x0800017a   Section        2  rtexit.o(.ARM.Collect$$rtexit$$00000000)
    .ARM.Collect$$rtexit$$00000002           0x0800017c   Section        0  rtexit2.o(.ARM.Collect$$rtexit$$00000002)
    .ARM.Collect$$rtexit$$00000003           0x0800017c   Section        4  rtexit2.o(.ARM.Collect$$rtexit$$00000003)
    .ARM.Collect$$rtexit$$00000004           0x08000180   Section        6  rtexit2.o(.ARM.Collect$$rtexit$$00000004)
    .text                                    0x08000188   Section       64  startup_stm32f10x_md.o(.text)
    .text                                    0x080001c8   Section        0  heapauxi.o(.text)
    .text                                    0x080001ce   Section        0  _rserrno.o(.text)
    .text                                    0x080001e4   Section        8  rt_errno_addr_intlibspace.o(.text)
    .text                                    0x080001ec   Section        8  libspace.o(.text)
    .text                                    0x080001f4   Section       74  sys_stackheap_outer.o(.text)
    .text                                    0x0800023e   Section        0  exit.o(.text)
    .text                                    0x08000250   Section        0  sys_exit.o(.text)
    .text                                    0x0800025c   Section        2  use_no_semi.o(.text)
    .text                                    0x0800025e   Section        0  indicate_semi.o(.text)
    SetSysClock                              0x08000261   Thumb Code     8  system_stm32f10x.o(.text.SetSysClock)
    [Anonymous Symbol]                       0x08000260   Section        0  system_stm32f10x.o(.text.SetSysClock)
    SetSysClockTo72                          0x08000269   Thumb Code   190  system_stm32f10x.o(.text.SetSysClockTo72)
    [Anonymous Symbol]                       0x08000268   Section        0  system_stm32f10x.o(.text.SetSysClockTo72)
    SysTick_Config                           0x08000329   Thumb Code    36  main.o(.text.SysTick_Config)
    [Anonymous Symbol]                       0x08000328   Section        0  main.o(.text.SysTick_Config)
    [Anonymous Symbol]                       0x0800034c   Section        0  main.o(.text.SysTick_Handler)
    [Anonymous Symbol]                       0x0800035c   Section        0  system_stm32f10x.o(.text.SystemInit)
    [Anonymous Symbol]                       0x080003b4   Section        0  main.o(.text.TIM2_IRQHandler)
    __NVIC_EnableIRQ                         0x080004f5   Thumb Code    16  timer.o(.text.__NVIC_EnableIRQ)
    [Anonymous Symbol]                       0x080004f4   Section        0  timer.o(.text.__NVIC_EnableIRQ)
    __NVIC_SetPriority                       0x08000505   Thumb Code    14  main.o(.text.__NVIC_SetPriority)
    [Anonymous Symbol]                       0x08000504   Section        0  main.o(.text.__NVIC_SetPriority)
    [Anonymous Symbol]                       0x08000514   Section        0  main.o(.text.delayMs)
    drawCircle                               0x0800053d   Thumb Code   240  main.o(.text.drawCircle)
    [Anonymous Symbol]                       0x0800053c   Section        0  main.o(.text.drawCircle)
    [Anonymous Symbol]                       0x0800062c   Section        0  rcc.o(.text.enableClockForAltFunc)
    [Anonymous Symbol]                       0x08000640   Section        0  rcc.o(.text.enableClockForPort)
    [Anonymous Symbol]                       0x08000678   Section        0  rcc.o(.text.enableClockForTimer2)
    [Anonymous Symbol]                       0x0800068c   Section        0  rcc.o(.text.enableClockForTimer3)
    [Anonymous Symbol]                       0x080006a0   Section        0  rcc.o(.text.enableClockForUART1)
    initClock                                0x080006b5   Thumb Code    42  main.o(.text.initClock)
    [Anonymous Symbol]                       0x080006b4   Section        0  main.o(.text.initClock)
    [Anonymous Symbol]                       0x080006e0   Section        0  _hal_gpio.o(.text.initGPIO)
    initGPIOs                                0x080009ad   Thumb Code   130  main.o(.text.initGPIOs)
    [Anonymous Symbol]                       0x080009ac   Section        0  main.o(.text.initGPIOs)
    [Anonymous Symbol]                       0x08000a30   Section        0  timer.o(.text.initTimer2)
    [Anonymous Symbol]                       0x08000a6c   Section        0  timer.o(.text.initTimer3)
    [Anonymous Symbol]                       0x08000acc   Section        0  uart.o(.text.initUSART1)
    liftPen                                  0x08000af1   Thumb Code   134  main.o(.text.liftPen)
    [Anonymous Symbol]                       0x08000af0   Section        0  main.o(.text.liftPen)
    [Anonymous Symbol]                       0x08000b78   Section        0  main.o(.text.main)
    moveX                                    0x08000bd5   Thumb Code   230  main.o(.text.moveX)
    [Anonymous Symbol]                       0x08000bd4   Section        0  main.o(.text.moveX)
    moveXY                                   0x08000cbd   Thumb Code   478  main.o(.text.moveXY)
    [Anonymous Symbol]                       0x08000cbc   Section        0  main.o(.text.moveXY)
    moveY                                    0x08000e9d   Thumb Code   230  main.o(.text.moveY)
    [Anonymous Symbol]                       0x08000e9c   Section        0  main.o(.text.moveY)
    [Anonymous Symbol]                       0x08000f84   Section        0  _hal_gpio.o(.text.readPin)
    startButton                              0x08000f95   Thumb Code    52  main.o(.text.startButton)
    [Anonymous Symbol]                       0x08000f94   Section        0  main.o(.text.startButton)
    testDraw                                 0x08000fc9   Thumb Code    52  main.o(.text.testDraw)
    [Anonymous Symbol]                       0x08000fc8   Section        0  main.o(.text.testDraw)
    [Anonymous Symbol]                       0x08000ffc   Section        0  _hal_gpio.o(.text.togglePin)
    [Anonymous Symbol]                       0x0800100c   Section        0  _hal_gpio.o(.text.writePin)
    i.__ARM_fpclassify                       0x08001020   Section        0  fpclassify.o(i.__ARM_fpclassify)
    i.__ieee754_rem_pio2                     0x08001048   Section        0  rred.o(i.__ieee754_rem_pio2)
    i.__kernel_cos                           0x080013d0   Section        0  cos_i.o(i.__kernel_cos)
    i.__kernel_poly                          0x080014cc   Section        0  poly.o(i.__kernel_poly)
    i.__kernel_sin                           0x08001578   Section        0  sin_i.o(i.__kernel_sin)
    i.__mathlib_dbl_infnan                   0x08001664   Section        0  dunder.o(i.__mathlib_dbl_infnan)
    i.__mathlib_dbl_invalid                  0x0800166a   Section        0  dunder.o(i.__mathlib_dbl_invalid)
    i.__mathlib_dbl_underflow                0x08001678   Section        0  dunder.o(i.__mathlib_dbl_underflow)
    i.cos                                    0x08001688   Section        0  cos.o(i.cos)
    i.roundf                                 0x08001724   Section        0  roundf.o(i.roundf)
    i.sin                                    0x08001798   Section        0  sin.o(i.sin)
    x$fpl$d2f                                0x08001838   Section       98  d2f.o(x$fpl$d2f)
    x$fpl$dadd                               0x0800189c   Section      336  daddsub_clz.o(x$fpl$dadd)
    _dadd1                                   0x080018ad   Thumb Code     0  daddsub_clz.o(x$fpl$dadd)
    x$fpl$dcheck1                            0x080019ec   Section       16  dcheck1.o(x$fpl$dcheck1)
    x$fpl$ddiv                               0x080019fc   Section      688  ddiv.o(x$fpl$ddiv)
    ddiv_entry                               0x08001a03   Thumb Code     0  ddiv.o(x$fpl$ddiv)
    x$fpl$dfix                               0x08001cac   Section       94  dfix.o(x$fpl$dfix)
    x$fpl$dflt                               0x08001d0a   Section       46  dflt_clz.o(x$fpl$dflt)
    x$fpl$dfltu                              0x08001d38   Section       38  dflt_clz.o(x$fpl$dfltu)
    x$fpl$dmul                               0x08001d60   Section      340  dmul.o(x$fpl$dmul)
    x$fpl$dnaninf                            0x08001eb4   Section      156  dnaninf.o(x$fpl$dnaninf)
    x$fpl$dretinf                            0x08001f50   Section       12  dretinf.o(x$fpl$dretinf)
    x$fpl$drsb                               0x08001f5c   Section       22  daddsub_clz.o(x$fpl$drsb)
    x$fpl$dsub                               0x08001f74   Section      468  daddsub_clz.o(x$fpl$dsub)
    _dsub1                                   0x08001f85   Thumb Code     0  daddsub_clz.o(x$fpl$dsub)
    x$fpl$f2d                                0x08002148   Section       86  f2d.o(x$fpl$f2d)
    x$fpl$fadd                               0x080021a0   Section      196  faddsub_clz.o(x$fpl$fadd)
    _fadd1                                   0x080021af   Thumb Code     0  faddsub_clz.o(x$fpl$fadd)
    x$fpl$fcmp                               0x08002264   Section       84  fcmp.o(x$fpl$fcmp)
    x$fpl$fcmpinf                            0x080022b8   Section       24  fcmpi.o(x$fpl$fcmpinf)
    _fdiv1                                   0x080022d1   Thumb Code     0  fdiv.o(x$fpl$fdiv)
    x$fpl$fdiv                               0x080022d0   Section      388  fdiv.o(x$fpl$fdiv)
    x$fpl$feqf                               0x08002454   Section      104  feqf.o(x$fpl$feqf)
    x$fpl$ffix                               0x080024bc   Section       54  ffix.o(x$fpl$ffix)
    x$fpl$ffixu                              0x080024f4   Section       62  ffixu.o(x$fpl$ffixu)
    x$fpl$fflt                               0x08002534   Section       48  fflt_clz.o(x$fpl$fflt)
    x$fpl$fgeqf                              0x08002564   Section      104  fgeqf.o(x$fpl$fgeqf)
    x$fpl$fleqf                              0x080025cc   Section      104  fleqf.o(x$fpl$fleqf)
    x$fpl$fmul                               0x08002634   Section      258  fmul.o(x$fpl$fmul)
    x$fpl$fnaninf                            0x08002736   Section      140  fnaninf.o(x$fpl$fnaninf)
    x$fpl$fretinf                            0x080027c2   Section       10  fretinf.o(x$fpl$fretinf)
    x$fpl$frnd                               0x080027cc   Section       96  frnd.o(x$fpl$frnd)
    x$fpl$fsub                               0x0800282c   Section      234  faddsub_clz.o(x$fpl$fsub)
    _fsub1                                   0x0800283b   Thumb Code     0  faddsub_clz.o(x$fpl$fsub)
    x$fpl$retnan                             0x08002916   Section      100  retnan.o(x$fpl$retnan)
    x$fpl$scalbn                             0x0800297a   Section       92  scalbn.o(x$fpl$scalbn)
    x$fpl$trapveneer                         0x080029d6   Section       48  trapv.o(x$fpl$trapveneer)
    x$fpl$usenofp                            0x08002a06   Section        0  usenofp.o(x$fpl$usenofp)
    C                                        0x08002a08   Data          48  cos_i.o(.constdata)
    .constdata                               0x08002a08   Section       48  cos_i.o(.constdata)
    pio2s                                    0x08002a38   Data          48  rred.o(.constdata)
    .constdata                               0x08002a38   Section      204  rred.o(.constdata)
    twooverpi                                0x08002a68   Data         156  rred.o(.constdata)
    S                                        0x08002b08   Data          40  sin_i.o(.constdata)
    .constdata                               0x08002b08   Section       40  sin_i.o(.constdata)
    CNF_BIT0                                 0x08002b30   Data          64  _hal_gpio.o(.rodata.CNF_BIT0)
    [Anonymous Symbol]                       0x08002b30   Section        0  _hal_gpio.o(.rodata.CNF_BIT0)
    MODE_BIT0                                0x08002b70   Data          64  _hal_gpio.o(.rodata.MODE_BIT0)
    [Anonymous Symbol]                       0x08002b70   Section        0  _hal_gpio.o(.rodata.MODE_BIT0)
    .bss                                     0x20000008   Section       96  libspace.o(.bss)
    drawCircle.pre_x                         0x20000068   Data           4  main.o(.bss.drawCircle.pre_x)
    [Anonymous Symbol]                       0x20000068   Section        0  main.o(.bss.drawCircle.pre_x)
    drawCircle.pre_y                         0x2000006c   Data           4  main.o(.bss.drawCircle.pre_y)
    [Anonymous Symbol]                       0x2000006c   Section        0  main.o(.bss.drawCircle.pre_y)
    drawCircle.x                             0x20000070   Data           4  main.o(.bss.drawCircle.x)
    [Anonymous Symbol]                       0x20000070   Section        0  main.o(.bss.drawCircle.x)
    drawCircle.y                             0x20000074   Data           4  main.o(.bss.drawCircle.y)
    [Anonymous Symbol]                       0x20000074   Section        0  main.o(.bss.drawCircle.y)
    my_tick                                  0x20000078   Data           4  main.o(.bss.my_tick)
    [Anonymous Symbol]                       0x20000078   Section        0  main.o(.bss.my_tick)
    step_x                                   0x2000007c   Data           4  main.o(.bss.step_x)
    [Anonymous Symbol]                       0x2000007c   Section        0  main.o(.bss.step_x)
    step_x10                                 0x20000080   Data           4  main.o(.bss.step_x10)
    [Anonymous Symbol]                       0x20000080   Section        0  main.o(.bss.step_x10)
    step_x_i10                               0x20000084   Data           4  main.o(.bss.step_x_i10)
    [Anonymous Symbol]                       0x20000084   Section        0  main.o(.bss.step_x_i10)
    step_y                                   0x20000088   Data           4  main.o(.bss.step_y)
    [Anonymous Symbol]                       0x20000088   Section        0  main.o(.bss.step_y)
    step_y10                                 0x2000008c   Data           4  main.o(.bss.step_y10)
    [Anonymous Symbol]                       0x2000008c   Section        0  main.o(.bss.step_y10)
    step_y_i10                               0x20000090   Data           4  main.o(.bss.step_y_i10)
    [Anonymous Symbol]                       0x20000090   Section        0  main.o(.bss.step_y_i10)
    sys_tick                                 0x20000094   Data           4  main.o(.bss.sys_tick)
    [Anonymous Symbol]                       0x20000094   Section        0  main.o(.bss.sys_tick)
    time                                     0x20000098   Data           4  main.o(.bss.time)
    [Anonymous Symbol]                       0x20000098   Section        0  main.o(.bss.time)
    x_only                                   0x2000009c   Data           1  main.o(.bss.x_only)
    [Anonymous Symbol]                       0x2000009c   Section        0  main.o(.bss.x_only)
    y_only                                   0x2000009d   Data           1  main.o(.bss.y_only)
    [Anonymous Symbol]                       0x2000009d   Section        0  main.o(.bss.y_only)
    Heap_Mem                                 0x200000a0   Data         512  startup_stm32f10x_md.o(HEAP)
    HEAP                                     0x200000a0   Section      512  startup_stm32f10x_md.o(HEAP)
    Stack_Mem                                0x200002a0   Data        1024  startup_stm32f10x_md.o(STACK)
    STACK                                    0x200002a0   Section     1024  startup_stm32f10x_md.o(STACK)
    __initial_sp                             0x200006a0   Data           0  startup_stm32f10x_md.o(STACK)

    Global Symbols

    Symbol Name                              Value     Ov Type        Size  Object(Section)

    BuildAttributes$$THM_ISAv4$P$D$K$B$S$PE$A:L22UL41UL21$X:L11$S22US41US21$IEEE1$IW$~IW$USESV6$~STKCKD$USESV7$~SHL$OTIME$ROPI$IEEEX$EBA8$UX$STANDARDLIB$REQ8$PRES8$EABIv2 0x00000000   Number         0  anon$$obj.o ABSOLUTE
    __fp_init_empty                          0x00000000   Number         0  fpinit_empty.o ABSOLUTE
    _printf_flags                            0x00000000   Number         0  printf_stubs.o ABSOLUTE
    _printf_return_value                     0x00000000   Number         0  printf_stubs.o ABSOLUTE
    _printf_sizespec                         0x00000000   Number         0  printf_stubs.o ABSOLUTE
    _printf_widthprec                        0x00000000   Number         0  printf_stubs.o ABSOLUTE
    __ARM_exceptions_init                     - Undefined Weak Reference
    __alloca_initialize                       - Undefined Weak Reference
    __arm_preinit_                            - Undefined Weak Reference
    __cpp_initialize__aeabi_                  - Undefined Weak Reference
    __cxa_finalize                            - Undefined Weak Reference
    __sigvec_lookup                           - Undefined Weak Reference
    _atexit_init                              - Undefined Weak Reference
    _call_atexit_fns                          - Undefined Weak Reference
    _clock_init                               - Undefined Weak Reference
    _fp_trap_init                             - Undefined Weak Reference
    _fp_trap_shutdown                         - Undefined Weak Reference
    _get_lc_collate                           - Undefined Weak Reference
    _get_lc_monetary                          - Undefined Weak Reference
    _get_lc_time                              - Undefined Weak Reference
    _getenv_init                              - Undefined Weak Reference
    _handle_redirection                       - Undefined Weak Reference
    _init_alloc                               - Undefined Weak Reference
    _init_user_alloc                          - Undefined Weak Reference
    _initio                                   - Undefined Weak Reference
    _printf_mbtowc                            - Undefined Weak Reference
    _printf_wc                                - Undefined Weak Reference
    _rand_init                                - Undefined Weak Reference
    _signal_finish                            - Undefined Weak Reference
    _signal_init                              - Undefined Weak Reference
    _terminate_alloc                          - Undefined Weak Reference
    _terminate_user_alloc                     - Undefined Weak Reference
    _terminateio                              - Undefined Weak Reference
    __Vectors_Size                           0x000000ec   Number         0  startup_stm32f10x_md.o ABSOLUTE
    __Vectors                                0x08000000   Data           4  startup_stm32f10x_md.o(RESET)
    __Vectors_End                            0x080000ec   Data           0  startup_stm32f10x_md.o(RESET)
    __main                                   0x080000ed   Thumb Code     8  __main.o(!!!main)
    __scatterload                            0x080000f5   Thumb Code     0  __scatter.o(!!!scatter)
    __scatterload_rt2                        0x080000f5   Thumb Code    44  __scatter.o(!!!scatter)
    __scatterload_rt2_thumb_only             0x080000f5   Thumb Code     0  __scatter.o(!!!scatter)
    __scatterload_null                       0x08000103   Thumb Code     0  __scatter.o(!!!scatter)
    __scatterload_copy                       0x08000129   Thumb Code    26  __scatter_copy.o(!!handler_copy)
    __scatterload_zeroinit                   0x08000145   Thumb Code    28  __scatter_zi.o(!!handler_zi)
    __rt_lib_init                            0x08000161   Thumb Code     0  libinit.o(.ARM.Collect$$libinit$$00000000)
    __rt_lib_init_alloca_1                   0x08000163   Thumb Code     0  libinit2.o(.ARM.Collect$$libinit$$0000002E)
    __rt_lib_init_argv_1                     0x08000163   Thumb Code     0  libinit2.o(.ARM.Collect$$libinit$$0000002C)
    __rt_lib_init_atexit_1                   0x08000163   Thumb Code     0  libinit2.o(.ARM.Collect$$libinit$$0000001B)
    __rt_lib_init_clock_1                    0x08000163   Thumb Code     0  libinit2.o(.ARM.Collect$$libinit$$00000021)
    __rt_lib_init_cpp_1                      0x08000163   Thumb Code     0  libinit2.o(.ARM.Collect$$libinit$$00000032)
    __rt_lib_init_exceptions_1               0x08000163   Thumb Code     0  libinit2.o(.ARM.Collect$$libinit$$00000030)
    __rt_lib_init_fp_1                       0x08000163   Thumb Code     0  libinit2.o(.ARM.Collect$$libinit$$00000002)
    __rt_lib_init_fp_trap_1                  0x08000163   Thumb Code     0  libinit2.o(.ARM.Collect$$libinit$$0000001F)
    __rt_lib_init_getenv_1                   0x08000163   Thumb Code     0  libinit2.o(.ARM.Collect$$libinit$$00000023)
    __rt_lib_init_heap_1                     0x08000163   Thumb Code     0  libinit2.o(.ARM.Collect$$libinit$$0000000A)
    __rt_lib_init_lc_collate_1               0x08000163   Thumb Code     0  libinit2.o(.ARM.Collect$$libinit$$00000011)
    __rt_lib_init_lc_ctype_1                 0x08000163   Thumb Code     0  libinit2.o(.ARM.Collect$$libinit$$00000013)
    __rt_lib_init_lc_monetary_1              0x08000163   Thumb Code     0  libinit2.o(.ARM.Collect$$libinit$$00000015)
    __rt_lib_init_lc_numeric_1               0x08000163   Thumb Code     0  libinit2.o(.ARM.Collect$$libinit$$00000017)
    __rt_lib_init_lc_time_1                  0x08000163   Thumb Code     0  libinit2.o(.ARM.Collect$$libinit$$00000019)
    __rt_lib_init_preinit_1                  0x08000163   Thumb Code     0  libinit2.o(.ARM.Collect$$libinit$$00000004)
    __rt_lib_init_rand_1                     0x08000163   Thumb Code     0  libinit2.o(.ARM.Collect$$libinit$$0000000E)
    __rt_lib_init_return                     0x08000163   Thumb Code     0  libinit2.o(.ARM.Collect$$libinit$$00000033)
    __rt_lib_init_signal_1                   0x08000163   Thumb Code     0  libinit2.o(.ARM.Collect$$libinit$$0000001D)
    __rt_lib_init_stdio_1                    0x08000163   Thumb Code     0  libinit2.o(.ARM.Collect$$libinit$$00000025)
    __rt_lib_init_user_alloc_1               0x08000163   Thumb Code     0  libinit2.o(.ARM.Collect$$libinit$$0000000C)
    __rt_lib_shutdown                        0x08000165   Thumb Code     0  libshutdown.o(.ARM.Collect$$libshutdown$$00000000)
    __rt_lib_shutdown_cpp_1                  0x08000167   Thumb Code     0  libshutdown2.o(.ARM.Collect$$libshutdown$$00000002)
    __rt_lib_shutdown_fp_trap_1              0x08000167   Thumb Code     0  libshutdown2.o(.ARM.Collect$$libshutdown$$00000007)
    __rt_lib_shutdown_heap_1                 0x08000167   Thumb Code     0  libshutdown2.o(.ARM.Collect$$libshutdown$$0000000F)
    __rt_lib_shutdown_return                 0x08000167   Thumb Code     0  libshutdown2.o(.ARM.Collect$$libshutdown$$00000010)
    __rt_lib_shutdown_signal_1               0x08000167   Thumb Code     0  libshutdown2.o(.ARM.Collect$$libshutdown$$0000000A)
    __rt_lib_shutdown_stdio_1                0x08000167   Thumb Code     0  libshutdown2.o(.ARM.Collect$$libshutdown$$00000004)
    __rt_lib_shutdown_user_alloc_1           0x08000167   Thumb Code     0  libshutdown2.o(.ARM.Collect$$libshutdown$$0000000C)
    __rt_entry                               0x08000169   Thumb Code     0  __rtentry.o(.ARM.Collect$$rtentry$$00000000)
    __rt_entry_presh_1                       0x08000169   Thumb Code     0  __rtentry2.o(.ARM.Collect$$rtentry$$00000002)
    __rt_entry_sh                            0x08000169   Thumb Code     0  __rtentry4.o(.ARM.Collect$$rtentry$$00000004)
    __rt_entry_li                            0x0800016f   Thumb Code     0  __rtentry2.o(.ARM.Collect$$rtentry$$0000000A)
    __rt_entry_postsh_1                      0x0800016f   Thumb Code     0  __rtentry2.o(.ARM.Collect$$rtentry$$00000009)
    __rt_entry_main                          0x08000173   Thumb Code     0  __rtentry2.o(.ARM.Collect$$rtentry$$0000000D)
    __rt_entry_postli_1                      0x08000173   Thumb Code     0  __rtentry2.o(.ARM.Collect$$rtentry$$0000000C)
    __rt_exit                                0x0800017b   Thumb Code     0  rtexit.o(.ARM.Collect$$rtexit$$00000000)
    __rt_exit_ls                             0x0800017d   Thumb Code     0  rtexit2.o(.ARM.Collect$$rtexit$$00000003)
    __rt_exit_prels_1                        0x0800017d   Thumb Code     0  rtexit2.o(.ARM.Collect$$rtexit$$00000002)
    __rt_exit_exit                           0x08000181   Thumb Code     0  rtexit2.o(.ARM.Collect$$rtexit$$00000004)
    Reset_Handler                            0x08000189   Thumb Code     8  startup_stm32f10x_md.o(.text)
    NMI_Handler                              0x08000191   Thumb Code     2  startup_stm32f10x_md.o(.text)
    HardFault_Handler                        0x08000193   Thumb Code     2  startup_stm32f10x_md.o(.text)
    MemManage_Handler                        0x08000195   Thumb Code     2  startup_stm32f10x_md.o(.text)
    BusFault_Handler                         0x08000197   Thumb Code     2  startup_stm32f10x_md.o(.text)
    UsageFault_Handler                       0x08000199   Thumb Code     2  startup_stm32f10x_md.o(.text)
    SVC_Handler                              0x0800019b   Thumb Code     2  startup_stm32f10x_md.o(.text)
    DebugMon_Handler                         0x0800019d   Thumb Code     2  startup_stm32f10x_md.o(.text)
    PendSV_Handler                           0x0800019f   Thumb Code     2  startup_stm32f10x_md.o(.text)
    ADC1_2_IRQHandler                        0x080001a3   Thumb Code     0  startup_stm32f10x_md.o(.text)
    CAN1_RX1_IRQHandler                      0x080001a3   Thumb Code     0  startup_stm32f10x_md.o(.text)
    CAN1_SCE_IRQHandler                      0x080001a3   Thumb Code     0  startup_stm32f10x_md.o(.text)
    DMA1_Channel1_IRQHandler                 0x080001a3   Thumb Code     0  startup_stm32f10x_md.o(.text)
    DMA1_Channel2_IRQHandler                 0x080001a3   Thumb Code     0  startup_stm32f10x_md.o(.text)
    DMA1_Channel3_IRQHandler                 0x080001a3   Thumb Code     0  startup_stm32f10x_md.o(.text)
    DMA1_Channel4_IRQHandler                 0x080001a3   Thumb Code     0  startup_stm32f10x_md.o(.text)
    DMA1_Channel5_IRQHandler                 0x080001a3   Thumb Code     0  startup_stm32f10x_md.o(.text)
    DMA1_Channel6_IRQHandler                 0x080001a3   Thumb Code     0  startup_stm32f10x_md.o(.text)
    DMA1_Channel7_IRQHandler                 0x080001a3   Thumb Code     0  startup_stm32f10x_md.o(.text)
    EXTI0_IRQHandler                         0x080001a3   Thumb Code     0  startup_stm32f10x_md.o(.text)
    EXTI15_10_IRQHandler                     0x080001a3   Thumb Code     0  startup_stm32f10x_md.o(.text)
    EXTI1_IRQHandler                         0x080001a3   Thumb Code     0  startup_stm32f10x_md.o(.text)
    EXTI2_IRQHandler                         0x080001a3   Thumb Code     0  startup_stm32f10x_md.o(.text)
    EXTI3_IRQHandler                         0x080001a3   Thumb Code     0  startup_stm32f10x_md.o(.text)
    EXTI4_IRQHandler                         0x080001a3   Thumb Code     0  startup_stm32f10x_md.o(.text)
    EXTI9_5_IRQHandler                       0x080001a3   Thumb Code     0  startup_stm32f10x_md.o(.text)
    FLASH_IRQHandler                         0x080001a3   Thumb Code     0  startup_stm32f10x_md.o(.text)
    I2C1_ER_IRQHandler                       0x080001a3   Thumb Code     0  startup_stm32f10x_md.o(.text)
    I2C1_EV_IRQHandler                       0x080001a3   Thumb Code     0  startup_stm32f10x_md.o(.text)
    I2C2_ER_IRQHandler                       0x080001a3   Thumb Code     0  startup_stm32f10x_md.o(.text)
    I2C2_EV_IRQHandler                       0x080001a3   Thumb Code     0  startup_stm32f10x_md.o(.text)
    PVD_IRQHandler                           0x080001a3   Thumb Code     0  startup_stm32f10x_md.o(.text)
    RCC_IRQHandler                           0x080001a3   Thumb Code     0  startup_stm32f10x_md.o(.text)
    RTCAlarm_IRQHandler                      0x080001a3   Thumb Code     0  startup_stm32f10x_md.o(.text)
    RTC_IRQHandler                           0x080001a3   Thumb Code     0  startup_stm32f10x_md.o(.text)
    SPI1_IRQHandler                          0x080001a3   Thumb Code     0  startup_stm32f10x_md.o(.text)
    SPI2_IRQHandler                          0x080001a3   Thumb Code     0  startup_stm32f10x_md.o(.text)
    TAMPER_IRQHandler                        0x080001a3   Thumb Code     0  startup_stm32f10x_md.o(.text)
    TIM1_BRK_IRQHandler                      0x080001a3   Thumb Code     0  startup_stm32f10x_md.o(.text)
    TIM1_CC_IRQHandler                       0x080001a3   Thumb Code     0  startup_stm32f10x_md.o(.text)
    TIM1_TRG_COM_IRQHandler                  0x080001a3   Thumb Code     0  startup_stm32f10x_md.o(.text)
    TIM1_UP_IRQHandler                       0x080001a3   Thumb Code     0  startup_stm32f10x_md.o(.text)
    TIM3_IRQHandler                          0x080001a3   Thumb Code     0  startup_stm32f10x_md.o(.text)
    TIM4_IRQHandler                          0x080001a3   Thumb Code     0  startup_stm32f10x_md.o(.text)
    USART1_IRQHandler                        0x080001a3   Thumb Code     0  startup_stm32f10x_md.o(.text)
    USART2_IRQHandler                        0x080001a3   Thumb Code     0  startup_stm32f10x_md.o(.text)
    USART3_IRQHandler                        0x080001a3   Thumb Code     0  startup_stm32f10x_md.o(.text)
    USBWakeUp_IRQHandler                     0x080001a3   Thumb Code     0  startup_stm32f10x_md.o(.text)
    USB_HP_CAN1_TX_IRQHandler                0x080001a3   Thumb Code     0  startup_stm32f10x_md.o(.text)
    USB_LP_CAN1_RX0_IRQHandler               0x080001a3   Thumb Code     0  startup_stm32f10x_md.o(.text)
    WWDG_IRQHandler                          0x080001a3   Thumb Code     0  startup_stm32f10x_md.o(.text)
    __user_initial_stackheap                 0x080001a5   Thumb Code     0  startup_stm32f10x_md.o(.text)
    __use_two_region_memory                  0x080001c9   Thumb Code     2  heapauxi.o(.text)
    __rt_heap_escrow$2region                 0x080001cb   Thumb Code     2  heapauxi.o(.text)
    __rt_heap_expand$2region                 0x080001cd   Thumb Code     2  heapauxi.o(.text)
    __read_errno                             0x080001cf   Thumb Code    10  _rserrno.o(.text)
    __set_errno                              0x080001d9   Thumb Code    12  _rserrno.o(.text)
    __aeabi_errno_addr                       0x080001e5   Thumb Code     8  rt_errno_addr_intlibspace.o(.text)
    __errno$intlibspace                      0x080001e5   Thumb Code     0  rt_errno_addr_intlibspace.o(.text)
    __rt_errno_addr$intlibspace              0x080001e5   Thumb Code     0  rt_errno_addr_intlibspace.o(.text)
    __user_libspace                          0x080001ed   Thumb Code     8  libspace.o(.text)
    __user_perproc_libspace                  0x080001ed   Thumb Code     0  libspace.o(.text)
    __user_perthread_libspace                0x080001ed   Thumb Code     0  libspace.o(.text)
    __user_setup_stackheap                   0x080001f5   Thumb Code    74  sys_stackheap_outer.o(.text)
    exit                                     0x0800023f   Thumb Code    18  exit.o(.text)
    _sys_exit                                0x08000251   Thumb Code     8  sys_exit.o(.text)
    __I$use$semihosting                      0x0800025d   Thumb Code     0  use_no_semi.o(.text)
    __use_no_semihosting_swi                 0x0800025d   Thumb Code     2  use_no_semi.o(.text)
    __semihosting_library_function           0x0800025f   Thumb Code     0  indicate_semi.o(.text)
    SysTick_Handler                          0x0800034d   Thumb Code    16  main.o(.text.SysTick_Handler)
    SystemInit                               0x0800035d   Thumb Code    86  system_stm32f10x.o(.text.SystemInit)
    TIM2_IRQHandler                          0x080003b5   Thumb Code   320  main.o(.text.TIM2_IRQHandler)
    delayMs                                  0x08000515   Thumb Code    38  main.o(.text.delayMs)
    enableClockForAltFunc                    0x0800062d   Thumb Code    18  rcc.o(.text.enableClockForAltFunc)
    enableClockForPort                       0x08000641   Thumb Code    56  rcc.o(.text.enableClockForPort)
    enableClockForTimer2                     0x08000679   Thumb Code    18  rcc.o(.text.enableClockForTimer2)
    enableClockForTimer3                     0x0800068d   Thumb Code    18  rcc.o(.text.enableClockForTimer3)
    enableClockForUART1                      0x080006a1   Thumb Code    18  rcc.o(.text.enableClockForUART1)
    initGPIO                                 0x080006e1   Thumb Code   714  _hal_gpio.o(.text.initGPIO)
    initTimer2                               0x08000a31   Thumb Code    60  timer.o(.text.initTimer2)
    initTimer3                               0x08000a6d   Thumb Code    94  timer.o(.text.initTimer3)
    initUSART1                               0x08000acd   Thumb Code    34  uart.o(.text.initUSART1)
    main                                     0x08000b79   Thumb Code    90  main.o(.text.main)
    readPin                                  0x08000f85   Thumb Code    14  _hal_gpio.o(.text.readPin)
    togglePin                                0x08000ffd   Thumb Code    14  _hal_gpio.o(.text.togglePin)
    writePin                                 0x0800100d   Thumb Code    20  _hal_gpio.o(.text.writePin)
    __ARM_fpclassify                         0x08001021   Thumb Code    40  fpclassify.o(i.__ARM_fpclassify)
    __ieee754_rem_pio2                       0x08001049   Thumb Code   828  rred.o(i.__ieee754_rem_pio2)
    __kernel_cos                             0x080013d1   Thumb Code   230  cos_i.o(i.__kernel_cos)
    __kernel_poly                            0x080014cd   Thumb Code   170  poly.o(i.__kernel_poly)
    __kernel_sin                             0x08001579   Thumb Code   224  sin_i.o(i.__kernel_sin)
    __mathlib_dbl_infnan                     0x08001665   Thumb Code     6  dunder.o(i.__mathlib_dbl_infnan)
    __mathlib_dbl_invalid                    0x0800166b   Thumb Code    12  dunder.o(i.__mathlib_dbl_invalid)
    __mathlib_dbl_underflow                  0x08001679   Thumb Code    10  dunder.o(i.__mathlib_dbl_underflow)
    cos                                      0x08001689   Thumb Code   148  cos.o(i.cos)
    roundf                                   0x08001725   Thumb Code   114  roundf.o(i.roundf)
    sin                                      0x08001799   Thumb Code   150  sin.o(i.sin)
    __aeabi_d2f                              0x08001839   Thumb Code     0  d2f.o(x$fpl$d2f)
    _d2f                                     0x08001839   Thumb Code    98  d2f.o(x$fpl$d2f)
    __aeabi_dadd                             0x0800189d   Thumb Code     0  daddsub_clz.o(x$fpl$dadd)
    _dadd                                    0x0800189d   Thumb Code   332  daddsub_clz.o(x$fpl$dadd)
    __fpl_dcheck_NaN1                        0x080019ed   Thumb Code    10  dcheck1.o(x$fpl$dcheck1)
    __aeabi_ddiv                             0x080019fd   Thumb Code     0  ddiv.o(x$fpl$ddiv)
    _ddiv                                    0x080019fd   Thumb Code   552  ddiv.o(x$fpl$ddiv)
    __aeabi_d2iz                             0x08001cad   Thumb Code     0  dfix.o(x$fpl$dfix)
    _dfix                                    0x08001cad   Thumb Code    94  dfix.o(x$fpl$dfix)
    __aeabi_i2d                              0x08001d0b   Thumb Code     0  dflt_clz.o(x$fpl$dflt)
    _dflt                                    0x08001d0b   Thumb Code    46  dflt_clz.o(x$fpl$dflt)
    __aeabi_ui2d                             0x08001d39   Thumb Code     0  dflt_clz.o(x$fpl$dfltu)
    _dfltu                                   0x08001d39   Thumb Code    38  dflt_clz.o(x$fpl$dfltu)
    __aeabi_dmul                             0x08001d61   Thumb Code     0  dmul.o(x$fpl$dmul)
    _dmul                                    0x08001d61   Thumb Code   332  dmul.o(x$fpl$dmul)
    __fpl_dnaninf                            0x08001eb5   Thumb Code   156  dnaninf.o(x$fpl$dnaninf)
    __fpl_dretinf                            0x08001f51   Thumb Code    12  dretinf.o(x$fpl$dretinf)
    __aeabi_drsub                            0x08001f5d   Thumb Code     0  daddsub_clz.o(x$fpl$drsb)
    _drsb                                    0x08001f5d   Thumb Code    22  daddsub_clz.o(x$fpl$drsb)
    __aeabi_dsub                             0x08001f75   Thumb Code     0  daddsub_clz.o(x$fpl$dsub)
    _dsub                                    0x08001f75   Thumb Code   464  daddsub_clz.o(x$fpl$dsub)
    __aeabi_f2d                              0x08002149   Thumb Code     0  f2d.o(x$fpl$f2d)
    _f2d                                     0x08002149   Thumb Code    86  f2d.o(x$fpl$f2d)
    __aeabi_fadd                             0x080021a1   Thumb Code     0  faddsub_clz.o(x$fpl$fadd)
    _fadd                                    0x080021a1   Thumb Code   196  faddsub_clz.o(x$fpl$fadd)
    __aeabi_fcmpeq                           0x08002265   Thumb Code     0  fcmp.o(x$fpl$fcmp)
    _feq                                     0x08002265   Thumb Code    14  fcmp.o(x$fpl$fcmp)
    _fneq                                    0x08002273   Thumb Code    14  fcmp.o(x$fpl$fcmp)
    __aeabi_fcmpgt                           0x08002281   Thumb Code     0  fcmp.o(x$fpl$fcmp)
    _fgr                                     0x08002281   Thumb Code    14  fcmp.o(x$fpl$fcmp)
    __aeabi_fcmpge                           0x0800228f   Thumb Code     0  fcmp.o(x$fpl$fcmp)
    _fgeq                                    0x0800228f   Thumb Code    14  fcmp.o(x$fpl$fcmp)
    __aeabi_fcmple                           0x0800229d   Thumb Code     0  fcmp.o(x$fpl$fcmp)
    _fleq                                    0x0800229d   Thumb Code    14  fcmp.o(x$fpl$fcmp)
    __aeabi_fcmplt                           0x080022ab   Thumb Code     0  fcmp.o(x$fpl$fcmp)
    _fls                                     0x080022ab   Thumb Code    14  fcmp.o(x$fpl$fcmp)
    __fpl_fcmp_Inf                           0x080022b9   Thumb Code    24  fcmpi.o(x$fpl$fcmpinf)
    __aeabi_fdiv                             0x080022d1   Thumb Code     0  fdiv.o(x$fpl$fdiv)
    _fdiv                                    0x080022d1   Thumb Code   384  fdiv.o(x$fpl$fdiv)
    __aeabi_cfcmpeq                          0x08002455   Thumb Code     0  feqf.o(x$fpl$feqf)
    _fcmpeq                                  0x08002455   Thumb Code   104  feqf.o(x$fpl$feqf)
    __aeabi_f2iz                             0x080024bd   Thumb Code     0  ffix.o(x$fpl$ffix)
    _ffix                                    0x080024bd   Thumb Code    54  ffix.o(x$fpl$ffix)
    __aeabi_f2uiz                            0x080024f5   Thumb Code     0  ffixu.o(x$fpl$ffixu)
    _ffixu                                   0x080024f5   Thumb Code    62  ffixu.o(x$fpl$ffixu)
    __aeabi_i2f                              0x08002535   Thumb Code     0  fflt_clz.o(x$fpl$fflt)
    _fflt                                    0x08002535   Thumb Code    48  fflt_clz.o(x$fpl$fflt)
    _fcmpge                                  0x08002565   Thumb Code   104  fgeqf.o(x$fpl$fgeqf)
    __aeabi_cfcmple                          0x080025cd   Thumb Code     0  fleqf.o(x$fpl$fleqf)
    _fcmple                                  0x080025cd   Thumb Code   104  fleqf.o(x$fpl$fleqf)
    __fpl_fcmple_InfNaN                      0x0800261f   Thumb Code     0  fleqf.o(x$fpl$fleqf)
    __aeabi_fmul                             0x08002635   Thumb Code     0  fmul.o(x$fpl$fmul)
    _fmul                                    0x08002635   Thumb Code   258  fmul.o(x$fpl$fmul)
    __fpl_fnaninf                            0x08002737   Thumb Code   140  fnaninf.o(x$fpl$fnaninf)
    __fpl_fretinf                            0x080027c3   Thumb Code    10  fretinf.o(x$fpl$fretinf)
    _frnd                                    0x080027cd   Thumb Code    96  frnd.o(x$fpl$frnd)
    __aeabi_fsub                             0x0800282d   Thumb Code     0  faddsub_clz.o(x$fpl$fsub)
    _fsub                                    0x0800282d   Thumb Code   234  faddsub_clz.o(x$fpl$fsub)
    __fpl_return_NaN                         0x08002917   Thumb Code   100  retnan.o(x$fpl$retnan)
    __ARM_scalbn                             0x0800297b   Thumb Code    92  scalbn.o(x$fpl$scalbn)
    __fpl_cmpreturn                          0x080029d7   Thumb Code    48  trapv.o(x$fpl$trapveneer)
    __I$use$fp                               0x08002a06   Number         0  usenofp.o(x$fpl$usenofp)
    Region$$Table$$Base                      0x08002bb0   Number         0  anon$$obj.o(Region$$Table)
    Region$$Table$$Limit                     0x08002bd0   Number         0  anon$$obj.o(Region$$Table)
    SystemCoreClock                          0x20000000   Data           4  system_stm32f10x.o(.data.SystemCoreClock)
    __libspace_start                         0x20000008   Data          96  libspace.o(.bss)
    __temporary_stack_top$libspace           0x20000068   Data           0  libspace.o(.bss)



==============================================================================

Memory Map of the image

  Image Entry point : 0x08000189

  Load Region LR_1 (Base: 0x08000000, Size: 0x00002bd4, Max: 0xffffffff, ABSOLUTE)

    Execution Region ER_RO (Exec base: 0x08000000, Load base: 0x08000000, Size: 0x00002bd0, Max: 0xffffffff, ABSOLUTE)

    Exec Addr    Load Addr    Size         Type   Attr      Idx    E Section Name        Object

    0x08000000   0x08000000   0x000000ec   Data   RO          120    RESET               startup_stm32f10x_md.o
    0x080000ec   0x080000ec   0x00000008   Code   RO          153  * !!!main             c_w.l(__main.o)
    0x080000f4   0x080000f4   0x00000034   Code   RO          623    !!!scatter          c_w.l(__scatter.o)
    0x08000128   0x08000128   0x0000001a   Code   RO          625    !!handler_copy      c_w.l(__scatter_copy.o)
    0x08000142   0x08000142   0x00000002   PAD
    0x08000144   0x08000144   0x0000001c   Code   RO          627    !!handler_zi        c_w.l(__scatter_zi.o)
    0x08000160   0x08000160   0x00000002   Code   RO          473    .ARM.Collect$$libinit$$00000000  c_w.l(libinit.o)
    0x08000162   0x08000162   0x00000000   Code   RO          488    .ARM.Collect$$libinit$$00000002  c_w.l(libinit2.o)
    0x08000162   0x08000162   0x00000000   Code   RO          490    .ARM.Collect$$libinit$$00000004  c_w.l(libinit2.o)
    0x08000162   0x08000162   0x00000000   Code   RO          493    .ARM.Collect$$libinit$$0000000A  c_w.l(libinit2.o)
    0x08000162   0x08000162   0x00000000   Code   RO          495    .ARM.Collect$$libinit$$0000000C  c_w.l(libinit2.o)
    0x08000162   0x08000162   0x00000000   Code   RO          497    .ARM.Collect$$libinit$$0000000E  c_w.l(libinit2.o)
    0x08000162   0x08000162   0x00000000   Code   RO          500    .ARM.Collect$$libinit$$00000011  c_w.l(libinit2.o)
    0x08000162   0x08000162   0x00000000   Code   RO          502    .ARM.Collect$$libinit$$00000013  c_w.l(libinit2.o)
    0x08000162   0x08000162   0x00000000   Code   RO          504    .ARM.Collect$$libinit$$00000015  c_w.l(libinit2.o)
    0x08000162   0x08000162   0x00000000   Code   RO          506    .ARM.Collect$$libinit$$00000017  c_w.l(libinit2.o)
    0x08000162   0x08000162   0x00000000   Code   RO          508    .ARM.Collect$$libinit$$00000019  c_w.l(libinit2.o)
    0x08000162   0x08000162   0x00000000   Code   RO          510    .ARM.Collect$$libinit$$0000001B  c_w.l(libinit2.o)
    0x08000162   0x08000162   0x00000000   Code   RO          512    .ARM.Collect$$libinit$$0000001D  c_w.l(libinit2.o)
    0x08000162   0x08000162   0x00000000   Code   RO          514    .ARM.Collect$$libinit$$0000001F  c_w.l(libinit2.o)
    0x08000162   0x08000162   0x00000000   Code   RO          516    .ARM.Collect$$libinit$$00000021  c_w.l(libinit2.o)
    0x08000162   0x08000162   0x00000000   Code   RO          518    .ARM.Collect$$libinit$$00000023  c_w.l(libinit2.o)
    0x08000162   0x08000162   0x00000000   Code   RO          520    .ARM.Collect$$libinit$$00000025  c_w.l(libinit2.o)
    0x08000162   0x08000162   0x00000000   Code   RO          524    .ARM.Collect$$libinit$$0000002C  c_w.l(libinit2.o)
    0x08000162   0x08000162   0x00000000   Code   RO          526    .ARM.Collect$$libinit$$0000002E  c_w.l(libinit2.o)
    0x08000162   0x08000162   0x00000000   Code   RO          528    .ARM.Collect$$libinit$$00000030  c_w.l(libinit2.o)
    0x08000162   0x08000162   0x00000000   Code   RO          530    .ARM.Collect$$libinit$$00000032  c_w.l(libinit2.o)
    0x08000162   0x08000162   0x00000002   Code   RO          531    .ARM.Collect$$libinit$$00000033  c_w.l(libinit2.o)
    0x08000164   0x08000164   0x00000002   Code   RO          559    .ARM.Collect$$libshutdown$$00000000  c_w.l(libshutdown.o)
    0x08000166   0x08000166   0x00000000   Code   RO          574    .ARM.Collect$$libshutdown$$00000002  c_w.l(libshutdown2.o)
    0x08000166   0x08000166   0x00000000   Code   RO          576    .ARM.Collect$$libshutdown$$00000004  c_w.l(libshutdown2.o)
    0x08000166   0x08000166   0x00000000   Code   RO          579    .ARM.Collect$$libshutdown$$00000007  c_w.l(libshutdown2.o)
    0x08000166   0x08000166   0x00000000   Code   RO          582    .ARM.Collect$$libshutdown$$0000000A  c_w.l(libshutdown2.o)
    0x08000166   0x08000166   0x00000000   Code   RO          584    .ARM.Collect$$libshutdown$$0000000C  c_w.l(libshutdown2.o)
    0x08000166   0x08000166   0x00000000   Code   RO          587    .ARM.Collect$$libshutdown$$0000000F  c_w.l(libshutdown2.o)
    0x08000166   0x08000166   0x00000002   Code   RO          588    .ARM.Collect$$libshutdown$$00000010  c_w.l(libshutdown2.o)
    0x08000168   0x08000168   0x00000000   Code   RO          205    .ARM.Collect$$rtentry$$00000000  c_w.l(__rtentry.o)
    0x08000168   0x08000168   0x00000000   Code   RO          353    .ARM.Collect$$rtentry$$00000002  c_w.l(__rtentry2.o)
    0x08000168   0x08000168   0x00000006   Code   RO          365    .ARM.Collect$$rtentry$$00000004  c_w.l(__rtentry4.o)
    0x0800016e   0x0800016e   0x00000000   Code   RO          355    .ARM.Collect$$rtentry$$00000009  c_w.l(__rtentry2.o)
    0x0800016e   0x0800016e   0x00000004   Code   RO          356    .ARM.Collect$$rtentry$$0000000A  c_w.l(__rtentry2.o)
    0x08000172   0x08000172   0x00000000   Code   RO          358    .ARM.Collect$$rtentry$$0000000C  c_w.l(__rtentry2.o)
    0x08000172   0x08000172   0x00000008   Code   RO          359    .ARM.Collect$$rtentry$$0000000D  c_w.l(__rtentry2.o)
    0x0800017a   0x0800017a   0x00000002   Code   RO          478    .ARM.Collect$$rtexit$$00000000  c_w.l(rtexit.o)
    0x0800017c   0x0800017c   0x00000000   Code   RO          535    .ARM.Collect$$rtexit$$00000002  c_w.l(rtexit2.o)
    0x0800017c   0x0800017c   0x00000004   Code   RO          536    .ARM.Collect$$rtexit$$00000003  c_w.l(rtexit2.o)
    0x08000180   0x08000180   0x00000006   Code   RO          537    .ARM.Collect$$rtexit$$00000004  c_w.l(rtexit2.o)
    0x08000186   0x08000186   0x00000002   PAD
    0x08000188   0x08000188   0x00000040   Code   RO          121  * .text               startup_stm32f10x_md.o
    0x080001c8   0x080001c8   0x00000006   Code   RO          151    .text               c_w.l(heapauxi.o)
    0x080001ce   0x080001ce   0x00000016   Code   RO          206    .text               c_w.l(_rserrno.o)
    0x080001e4   0x080001e4   0x00000008   Code   RO          370    .text               c_w.l(rt_errno_addr_intlibspace.o)
    0x080001ec   0x080001ec   0x00000008   Code   RO          422    .text               c_w.l(libspace.o)
    0x080001f4   0x080001f4   0x0000004a   Code   RO          425    .text               c_w.l(sys_stackheap_outer.o)
    0x0800023e   0x0800023e   0x00000012   Code   RO          466    .text               c_w.l(exit.o)
    0x08000250   0x08000250   0x0000000c   Code   RO          549    .text               c_w.l(sys_exit.o)
    0x0800025c   0x0800025c   0x00000002   Code   RO          564    .text               c_w.l(use_no_semi.o)
    0x0800025e   0x0800025e   0x00000000   Code   RO          566    .text               c_w.l(indicate_semi.o)
    0x0800025e   0x0800025e   0x00000002   PAD
    0x08000260   0x08000260   0x00000008   Code   RO          130    .text.SetSysClock   system_stm32f10x.o
    0x08000268   0x08000268   0x000000be   Code   RO          134    .text.SetSysClockTo72  system_stm32f10x.o
    0x08000326   0x08000326   0x00000002   PAD
    0x08000328   0x08000328   0x00000024   Code   RO            4    .text.SysTick_Config  main.o
    0x0800034c   0x0800034c   0x00000010   Code   RO           18    .text.SysTick_Handler  main.o
    0x0800035c   0x0800035c   0x00000056   Code   RO          128    .text.SystemInit    system_stm32f10x.o
    0x080003b2   0x080003b2   0x00000002   PAD
    0x080003b4   0x080003b4   0x00000140   Code   RO           22    .text.TIM2_IRQHandler  main.o
    0x080004f4   0x080004f4   0x00000010   Code   RO          108    .text.__NVIC_EnableIRQ  timer.o
    0x08000504   0x08000504   0x0000000e   Code   RO           24    .text.__NVIC_SetPriority  main.o
    0x08000512   0x08000512   0x00000002   PAD
    0x08000514   0x08000514   0x00000026   Code   RO           16    .text.delayMs       main.o
    0x0800053a   0x0800053a   0x00000002   PAD
    0x0800053c   0x0800053c   0x000000f0   Code   RO           26    .text.drawCircle    main.o
    0x0800062c   0x0800062c   0x00000012   Code   RO           88    .text.enableClockForAltFunc  rcc.o
    0x0800063e   0x0800063e   0x00000002   PAD
    0x08000640   0x08000640   0x00000038   Code   RO           90    .text.enableClockForPort  rcc.o
    0x08000678   0x08000678   0x00000012   Code   RO           94    .text.enableClockForTimer2  rcc.o
    0x0800068a   0x0800068a   0x00000002   PAD
    0x0800068c   0x0800068c   0x00000012   Code   RO           96    .text.enableClockForTimer3  rcc.o
    0x0800069e   0x0800069e   0x00000002   PAD
    0x080006a0   0x080006a0   0x00000012   Code   RO           92    .text.enableClockForUART1  rcc.o
    0x080006b2   0x080006b2   0x00000002   PAD
    0x080006b4   0x080006b4   0x0000002a   Code   RO            6    .text.initClock     main.o
    0x080006de   0x080006de   0x00000002   PAD
    0x080006e0   0x080006e0   0x000002ca   Code   RO           58    .text.initGPIO      _hal_gpio.o
    0x080009aa   0x080009aa   0x00000002   PAD
    0x080009ac   0x080009ac   0x00000082   Code   RO            8    .text.initGPIOs     main.o
    0x08000a2e   0x08000a2e   0x00000002   PAD
    0x08000a30   0x08000a30   0x0000003c   Code   RO          106    .text.initTimer2    timer.o
    0x08000a6c   0x08000a6c   0x0000005e   Code   RO          110    .text.initTimer3    timer.o
    0x08000aca   0x08000aca   0x00000002   PAD
    0x08000acc   0x08000acc   0x00000022   Code   RO           76    .text.initUSART1    uart.o
    0x08000aee   0x08000aee   0x00000002   PAD
    0x08000af0   0x08000af0   0x00000086   Code   RO           10    .text.liftPen       main.o
    0x08000b76   0x08000b76   0x00000002   PAD
    0x08000b78   0x08000b78   0x0000005a   Code   RO            2    .text.main          main.o
    0x08000bd2   0x08000bd2   0x00000002   PAD
    0x08000bd4   0x08000bd4   0x000000e6   Code   RO           30    .text.moveX         main.o
    0x08000cba   0x08000cba   0x00000002   PAD
    0x08000cbc   0x08000cbc   0x000001de   Code   RO           28    .text.moveXY        main.o
    0x08000e9a   0x08000e9a   0x00000002   PAD
    0x08000e9c   0x08000e9c   0x000000e6   Code   RO           32    .text.moveY         main.o
    0x08000f82   0x08000f82   0x00000002   PAD
    0x08000f84   0x08000f84   0x0000000e   Code   RO           62    .text.readPin       _hal_gpio.o
    0x08000f92   0x08000f92   0x00000002   PAD
    0x08000f94   0x08000f94   0x00000034   Code   RO           12    .text.startButton   main.o
    0x08000fc8   0x08000fc8   0x00000034   Code   RO           14    .text.testDraw      main.o
    0x08000ffc   0x08000ffc   0x0000000e   Code   RO           64    .text.togglePin     _hal_gpio.o
    0x0800100a   0x0800100a   0x00000002   PAD
    0x0800100c   0x0800100c   0x00000014   Code   RO           60    .text.writePin      _hal_gpio.o
    0x08001020   0x08001020   0x00000028   Code   RO          418    i.__ARM_fpclassify  m_ws.l(fpclassify.o)
    0x08001048   0x08001048   0x00000388   Code   RO          341    i.__ieee754_rem_pio2  m_ws.l(rred.o)
    0x080013d0   0x080013d0   0x000000fc   Code   RO          324    i.__kernel_cos      m_ws.l(cos_i.o)
    0x080014cc   0x080014cc   0x000000aa   Code   RO          420    i.__kernel_poly     m_ws.l(poly.o)
    0x08001576   0x08001576   0x00000002   PAD
    0x08001578   0x08001578   0x000000ec   Code   RO          346    i.__kernel_sin      m_ws.l(sin_i.o)
    0x08001664   0x08001664   0x00000006   Code   RO          328    i.__mathlib_dbl_infnan  m_ws.l(dunder.o)
    0x0800166a   0x0800166a   0x0000000c   Code   RO          330    i.__mathlib_dbl_invalid  m_ws.l(dunder.o)
    0x08001676   0x08001676   0x00000002   PAD
    0x08001678   0x08001678   0x00000010   Code   RO          333    i.__mathlib_dbl_underflow  m_ws.l(dunder.o)
    0x08001688   0x08001688   0x0000009c   Code   RO          188    i.cos               m_ws.l(cos.o)
    0x08001724   0x08001724   0x00000072   Code   RO          203    i.roundf            m_ws.l(roundf.o)
    0x08001796   0x08001796   0x00000002   PAD
    0x08001798   0x08001798   0x000000a0   Code   RO          196    i.sin               m_ws.l(sin.o)
    0x08001838   0x08001838   0x00000062   Code   RO          155    x$fpl$d2f           fz_ws.l(d2f.o)
    0x0800189a   0x0800189a   0x00000002   PAD
    0x0800189c   0x0800189c   0x00000150   Code   RO          392    x$fpl$dadd          fz_ws.l(daddsub_clz.o)
    0x080019ec   0x080019ec   0x00000010   Code   RO          474    x$fpl$dcheck1       fz_ws.l(dcheck1.o)
    0x080019fc   0x080019fc   0x000002b0   Code   RO          399    x$fpl$ddiv          fz_ws.l(ddiv.o)
    0x08001cac   0x08001cac   0x0000005e   Code   RO          402    x$fpl$dfix          fz_ws.l(dfix.o)
    0x08001d0a   0x08001d0a   0x0000002e   Code   RO          407    x$fpl$dflt          fz_ws.l(dflt_clz.o)
    0x08001d38   0x08001d38   0x00000026   Code   RO          406    x$fpl$dfltu         fz_ws.l(dflt_clz.o)
    0x08001d5e   0x08001d5e   0x00000002   PAD
    0x08001d60   0x08001d60   0x00000154   Code   RO          412    x$fpl$dmul          fz_ws.l(dmul.o)
    0x08001eb4   0x08001eb4   0x0000009c   Code   RO          299    x$fpl$dnaninf       fz_ws.l(dnaninf.o)
    0x08001f50   0x08001f50   0x0000000c   Code   RO          301    x$fpl$dretinf       fz_ws.l(dretinf.o)
    0x08001f5c   0x08001f5c   0x00000016   Code   RO          393    x$fpl$drsb          fz_ws.l(daddsub_clz.o)
    0x08001f72   0x08001f72   0x00000002   PAD
    0x08001f74   0x08001f74   0x000001d4   Code   RO          394    x$fpl$dsub          fz_ws.l(daddsub_clz.o)
    0x08002148   0x08002148   0x00000056   Code   RO          157    x$fpl$f2d           fz_ws.l(f2d.o)
    0x0800219e   0x0800219e   0x00000002   PAD
    0x080021a0   0x080021a0   0x000000c4   Code   RO          159    x$fpl$fadd          fz_ws.l(faddsub_clz.o)
    0x08002264   0x08002264   0x00000054   Code   RO          165    x$fpl$fcmp          fz_ws.l(fcmp.o)
    0x080022b8   0x080022b8   0x00000018   Code   RO          414    x$fpl$fcmpinf       fz_ws.l(fcmpi.o)
    0x080022d0   0x080022d0   0x00000184   Code   RO          168    x$fpl$fdiv          fz_ws.l(fdiv.o)
    0x08002454   0x08002454   0x00000068   Code   RO          303    x$fpl$feqf          fz_ws.l(feqf.o)
    0x080024bc   0x080024bc   0x00000036   Code   RO          171    x$fpl$ffix          fz_ws.l(ffix.o)
    0x080024f2   0x080024f2   0x00000002   PAD
    0x080024f4   0x080024f4   0x0000003e   Code   RO          175    x$fpl$ffixu         fz_ws.l(ffixu.o)
    0x08002532   0x08002532   0x00000002   PAD
    0x08002534   0x08002534   0x00000030   Code   RO          180    x$fpl$fflt          fz_ws.l(fflt_clz.o)
    0x08002564   0x08002564   0x00000068   Code   RO          305    x$fpl$fgeqf         fz_ws.l(fgeqf.o)
    0x080025cc   0x080025cc   0x00000068   Code   RO          307    x$fpl$fleqf         fz_ws.l(fleqf.o)
    0x08002634   0x08002634   0x00000102   Code   RO          185    x$fpl$fmul          fz_ws.l(fmul.o)
    0x08002736   0x08002736   0x0000008c   Code   RO          309    x$fpl$fnaninf       fz_ws.l(fnaninf.o)
    0x080027c2   0x080027c2   0x0000000a   Code   RO          311    x$fpl$fretinf       fz_ws.l(fretinf.o)
    0x080027cc   0x080027cc   0x00000060   Code   RO          313    x$fpl$frnd          fz_ws.l(frnd.o)
    0x0800282c   0x0800282c   0x000000ea   Code   RO          161    x$fpl$fsub          fz_ws.l(faddsub_clz.o)
    0x08002916   0x08002916   0x00000064   Code   RO          532    x$fpl$retnan        fz_ws.l(retnan.o)
    0x0800297a   0x0800297a   0x0000005c   Code   RO          416    x$fpl$scalbn        fz_ws.l(scalbn.o)
    0x080029d6   0x080029d6   0x00000030   Code   RO          547    x$fpl$trapveneer    fz_ws.l(trapv.o)
    0x08002a06   0x08002a06   0x00000000   Code   RO          323    x$fpl$usenofp       fz_ws.l(usenofp.o)
    0x08002a06   0x08002a06   0x00000002   PAD
    0x08002a08   0x08002a08   0x00000030   Data   RO          325    .constdata          m_ws.l(cos_i.o)
    0x08002a38   0x08002a38   0x000000cc   Data   RO          343    .constdata          m_ws.l(rred.o)
    0x08002b04   0x08002b04   0x00000004   PAD
    0x08002b08   0x08002b08   0x00000028   Data   RO          347    .constdata          m_ws.l(sin_i.o)
    0x08002b30   0x08002b30   0x00000040   Data   RO           67    .rodata.CNF_BIT0    _hal_gpio.o
    0x08002b70   0x08002b70   0x00000040   Data   RO           66    .rodata.MODE_BIT0   _hal_gpio.o
    0x08002bb0   0x08002bb0   0x00000020   Data   RO          622    Region$$Table       anon$$obj.o


    Execution Region ER_RW (Exec base: 0x20000000, Load base: 0x08002bd0, Size: 0x00000004, Max: 0xffffffff, ABSOLUTE)

    Exec Addr    Load Addr    Size         Type   Attr      Idx    E Section Name        Object

    0x20000000   0x08002bd0   0x00000004   Data   RW          136    .data.SystemCoreClock  system_stm32f10x.o


    Execution Region ER_ZI (Exec base: 0x20000008, Load base: 0x08002bd4, Size: 0x00000698, Max: 0xffffffff, ABSOLUTE)

    Exec Addr    Load Addr    Size         Type   Attr      Idx    E Section Name        Object

    0x20000008        -       0x00000060   Zero   RW          423    .bss                c_w.l(libspace.o)
    0x20000068        -       0x00000004   Zero   RW           45    .bss.drawCircle.pre_x  main.o
    0x2000006c        -       0x00000004   Zero   RW           46    .bss.drawCircle.pre_y  main.o
    0x20000070        -       0x00000004   Zero   RW           43    .bss.drawCircle.x   main.o
    0x20000074        -       0x00000004   Zero   RW           44    .bss.drawCircle.y   main.o
    0x20000078        -       0x00000004   Zero   RW           36    .bss.my_tick        main.o
    0x2000007c        -       0x00000004   Zero   RW           47    .bss.step_x         main.o
    0x20000080        -       0x00000004   Zero   RW           41    .bss.step_x10       main.o
    0x20000084        -       0x00000004   Zero   RW           40    .bss.step_x_i10     main.o
    0x20000088        -       0x00000004   Zero   RW           48    .bss.step_y         main.o
    0x2000008c        -       0x00000004   Zero   RW           39    .bss.step_y10       main.o
    0x20000090        -       0x00000004   Zero   RW           42    .bss.step_y_i10     main.o
    0x20000094        -       0x00000004   Zero   RW           34    .bss.sys_tick       main.o
    0x20000098        -       0x00000004   Zero   RW           35    .bss.time           main.o
    0x2000009c        -       0x00000001   Zero   RW           37    .bss.x_only         main.o
    0x2000009d        -       0x00000001   Zero   RW           38    .bss.y_only         main.o
    0x2000009e   0x08002bd4   0x00000002   PAD
    0x200000a0        -       0x00000200   Zero   RW          119    HEAP                startup_stm32f10x_md.o
    0x200002a0        -       0x00000400   Zero   RW          118    STACK               startup_stm32f10x_md.o


==============================================================================

Image component sizes


      Code (inc. data)   RO Data    RW Data    ZI Data      Debug   Object Name

       762         44        128          0          0       3419   _hal_gpio.o
      2102          0          0          0         54       8230   main.o
       128         16          0          0          0       1404   rcc.o
        64         26        236          0       1536        808   startup_stm32f10x_md.o
       284          0          0          4          0       2757   system_stm32f10x.o
       170          0          0          0          0       3356   timer.o
        34          0          0          0          0       1637   uart.o

    ----------------------------------------------------------------------
      3584         86        396          4       1592      21611   Object Totals
         0          0         32          0          0          0   (incl. Generated)
        40          0          0          0          2          0   (incl. Padding)

    ----------------------------------------------------------------------

      Code (inc. data)   RO Data    RW Data    ZI Data      Debug   Library Member Name

         8          0          0          0          0         68   __main.o
         0          0          0          0          0          0   __rtentry.o
        12          0          0          0          0          0   __rtentry2.o
         6          0          0          0          0          0   __rtentry4.o
        52          8          0          0          0          0   __scatter.o
        26          0          0          0          0          0   __scatter_copy.o
        28          0          0          0          0          0   __scatter_zi.o
        22          0          0          0          0        100   _rserrno.o
        18          0          0          0          0         80   exit.o
         6          0          0          0          0        152   heapauxi.o
         0          0          0          0          0          0   indicate_semi.o
         2          0          0          0          0          0   libinit.o
         2          0          0          0          0          0   libinit2.o
         2          0          0          0          0          0   libshutdown.o
         2          0          0          0          0          0   libshutdown2.o
         8          4          0          0         96         68   libspace.o
         8          4          0          0          0         68   rt_errno_addr_intlibspace.o
         2          0          0          0          0          0   rtexit.o
        10          0          0          0          0          0   rtexit2.o
        12          4          0          0          0         68   sys_exit.o
        74          0          0          0          0         80   sys_stackheap_outer.o
         2          0          0          0          0         68   use_no_semi.o
        98          4          0          0          0         92   d2f.o
       826         16          0          0          0        356   daddsub_clz.o
        16          4          0          0          0         68   dcheck1.o
       688        140          0          0          0        216   ddiv.o
        94          4          0          0          0         92   dfix.o
        84          0          0          0          0        136   dflt_clz.o
       340         12          0          0          0        104   dmul.o
       156          4          0          0          0         92   dnaninf.o
        12          0          0          0          0         68   dretinf.o
        86          4          0          0          0         84   f2d.o
       430          8          0          0          0        168   faddsub_clz.o
        84          0          0          0          0        196   fcmp.o
        24          0          0          0          0         68   fcmpi.o
       388         76          0          0          0         96   fdiv.o
       104          4          0          0          0         84   feqf.o
        54          4          0          0          0         84   ffix.o
        62          4          0          0          0         84   ffixu.o
        48          0          0          0          0         68   fflt_clz.o
       104          4          0          0          0         84   fgeqf.o
       104          4          0          0          0         84   fleqf.o
       258          4          0          0          0         84   fmul.o
       140          4          0          0          0         84   fnaninf.o
        10          0          0          0          0         68   fretinf.o
        96          4          0          0          0         76   frnd.o
       100          0          0          0          0         68   retnan.o
        92          0          0          0          0         68   scalbn.o
        48          0          0          0          0         68   trapv.o
         0          0          0          0          0          0   usenofp.o
       156          8          0          0          0        104   cos.o
       252         22         48          0          0        124   cos_i.o
        34          6          0          0          0        204   dunder.o
        40          0          0          0          0         68   fpclassify.o
       170          0          0          0          0         96   poly.o
       114          0          0          0          0         80   roundf.o
       904         76        204          0          0        140   rred.o
       160         10          0          0          0        108   sin.o
       236         12         40          0          0        128   sin_i.o

    ----------------------------------------------------------------------
      6940        458        296          0         96       4644   Library Totals
        26          0          4          0          0          0   (incl. Padding)

    ----------------------------------------------------------------------

      Code (inc. data)   RO Data    RW Data    ZI Data      Debug   Library Name

       302         20          0          0         96        752   c_w.l
      4546        304          0          0          0       2840   fz_ws.l
      2066        134        292          0          0       1052   m_ws.l

    ----------------------------------------------------------------------
      6940        458        296          0         96       4644   Library Totals

    ----------------------------------------------------------------------

==============================================================================


      Code (inc. data)   RO Data    RW Data    ZI Data      Debug   

     10524        544        692          4       1688      23779   Grand Totals
     10524        544        692          4       1688      23779   ELF Image Totals
     10524        544        692          4          0          0   ROM Totals

==============================================================================

    Total RO  Size (Code + RO Data)                11216 (  10.95kB)
    Total RW  Size (RW Data + ZI Data)              1692 (   1.65kB)
    Total ROM Size (Code + RO Data + RW Data)      11220 (  10.96kB)

==============================================================================

